May 27 15:30:48 Ubuntu systemd-modules-load[254]: Inserted module 'lp'
May 27 15:30:48 Ubuntu systemd[1]: Activated swap /swapfile.
May 27 15:30:48 Ubuntu systemd[1]: Reached target Swaps.
May 27 15:30:48 Ubuntu systemd[1]: Starting Flush Journal to Persistent Storage...
May 27 15:30:48 Ubuntu systemd-modules-load[254]: Inserted module 'ppdev'
May 27 15:30:48 Ubuntu systemd[1]: Finished Load/Save Random Seed.
May 27 15:30:48 Ubuntu systemd-modules-load[254]: Inserted module 'parport_pc'
May 27 15:30:48 Ubuntu systemd[1]: Condition check resulted in First Boot Complete being skipped.
May 27 15:30:48 Ubuntu systemd[1]: Finished Create System Users.
May 27 15:30:48 Ubuntu systemd[1]: Starting Create Static Device Nodes in /dev...
May 27 15:30:48 Ubuntu systemd-modules-load[254]: Inserted module 'msr'
May 27 15:30:48 Ubuntu systemd-modules-load[254]: Module 'fuse' is built in
May 27 15:30:48 Ubuntu systemd[1]: Finished Create Static Device Nodes in /dev.
May 27 15:30:48 Ubuntu systemd[1]: Starting Rule-based Manager for Device Events and Files...
May 27 15:30:48 Ubuntu systemd[1]: Finished Flush Journal to Persistent Storage.
May 27 15:30:48 Ubuntu systemd[1]: Finished Coldplug All udev Devices.
May 27 15:30:48 Ubuntu systemd[1]: Finished Set the console keyboard layout.
May 27 15:30:48 Ubuntu systemd[1]: Reached target Preparation for Local File Systems.
May 27 15:30:48 Ubuntu systemd[1]: Mounting Mount unit for bare, revision 5...
May 27 15:30:48 Ubuntu systemd[1]: Mounting Mount unit for core20, revision 1822...
May 27 15:30:48 Ubuntu systemd[1]: Mounting Mount unit for firefox, revision 2356...
May 27 15:30:48 Ubuntu systemd[1]: Mounting Mount unit for gnome-3-38-2004, revision 119...
May 27 15:30:48 Ubuntu systemd[1]: Mounting Mount unit for gtk-common-themes, revision 1535...
May 27 15:30:48 Ubuntu systemd[1]: Mounting Mount unit for snap-store, revision 638...
May 27 15:30:48 Ubuntu systemd[1]: Mounting Mount unit for snapd, revision 18357...
May 27 15:30:48 Ubuntu systemd[1]: Mounting Mount unit for snapd-desktop-integration, revision 49...
May 27 15:30:48 Ubuntu systemd-modules-load[254]: Inserted module 'vmwgfx'
May 27 15:30:48 Ubuntu systemd[1]: Finished Load Kernel Modules.
May 27 15:30:48 Ubuntu systemd[1]: Mounted Mount unit for bare, revision 5.
May 27 15:30:48 Ubuntu systemd[1]: Mounted Mount unit for core20, revision 1822.
May 27 15:30:48 Ubuntu systemd[1]: Mounted Mount unit for firefox, revision 2356.
May 27 15:30:48 Ubuntu systemd[1]: Mounted Mount unit for gnome-3-38-2004, revision 119.
May 27 15:30:48 Ubuntu systemd[1]: Mounted Mount unit for gtk-common-themes, revision 1535.
May 27 15:30:48 Ubuntu systemd[1]: Mounted Mount unit for snap-store, revision 638.
May 27 15:30:48 Ubuntu systemd[1]: Mounted Mount unit for snapd, revision 18357.
May 27 15:30:48 Ubuntu systemd[1]: Mounted Mount unit for snapd-desktop-integration, revision 49.
May 27 15:30:48 Ubuntu systemd[1]: Reached target Mounted snaps.
May 27 15:30:48 Ubuntu systemd[1]: Starting Apply Kernel Variables...
May 27 15:30:48 Ubuntu systemd[1]: Finished Apply Kernel Variables.
May 27 15:30:48 Ubuntu systemd[1]: Started Rule-based Manager for Device Events and Files.
May 27 15:30:48 Ubuntu systemd[1]: Starting Show Plymouth Boot Screen...
May 27 15:30:48 Ubuntu systemd[1]: Received SIGRTMIN+20 from PID 313 (plymouthd).
May 27 15:30:48 Ubuntu systemd[1]: Started Show Plymouth Boot Screen.
May 27 15:30:48 Ubuntu systemd[1]: Condition check resulted in Dispatch Password Requests to Console Directory Watch being skipped.
May 27 15:30:48 Ubuntu systemd[1]: Started Forward Password Requests to Plymouth Directory Watch.
May 27 15:30:48 Ubuntu systemd[1]: Reached target Local Encrypted Volumes.
May 27 15:30:48 Ubuntu systemd-udevd[302]: Using default interface naming scheme 'v249'.
May 27 15:30:48 Ubuntu mtp-probe: checking bus 2, device 2: "/sys/devices/pci0000:00/0000:00:06.0/usb2/2-1"
May 27 15:30:48 Ubuntu mtp-probe: bus: 2, device: 2 was not an MTP device
May 27 15:30:48 Ubuntu systemd-udevd[304]: sda: Process '/usr/bin/unshare -m /usr/bin/snap auto-import --mount=/dev/sda' failed with exit code 1.
May 27 15:30:48 Ubuntu systemd[1]: Listening on Load/Save RF Kill Switch Status /dev/rfkill Watch.
May 27 15:30:48 Ubuntu systemd-udevd[308]: sr0: Process '/usr/bin/unshare -m /usr/bin/snap auto-import --mount=/dev/sr0' failed with exit code 1.
May 27 15:30:48 Ubuntu systemd-udevd[298]: sda1: Process '/usr/bin/unshare -m /usr/bin/snap auto-import --mount=/dev/sda1' failed with exit code 1.
May 27 15:30:48 Ubuntu systemd-udevd[310]: sda2: Process '/usr/bin/unshare -m /usr/bin/snap auto-import --mount=/dev/sda2' failed with exit code 1.
May 27 15:30:48 Ubuntu systemd-udevd[306]: sda3: Process '/usr/bin/unshare -m /usr/bin/snap auto-import --mount=/dev/sda3' failed with exit code 1.
May 27 15:30:48 Ubuntu systemd[1]: Found device VBOX_HARDDISK EFI\x20System\x20Partition.
May 27 15:30:48 Ubuntu systemd[1]: Starting File System Check on /dev/disk/by-uuid/4F7D-EFA9...
May 27 15:30:48 Ubuntu systemd[1]: Started File System Check Daemon to report status.
May 27 15:30:48 Ubuntu systemd-fsck[406]: fsck.fat 4.2 (2021-01-31)
May 27 15:30:48 Ubuntu systemd-fsck[406]: /dev/sda2: 11 files, 1554/131063 clusters
May 27 15:30:48 Ubuntu systemd[1]: Finished File System Check on /dev/disk/by-uuid/4F7D-EFA9.
May 27 15:30:48 Ubuntu systemd[1]: Mounting /boot/efi...
May 27 15:30:48 Ubuntu systemd[1]: Mounted /boot/efi.
May 27 15:30:48 Ubuntu systemd[1]: Reached target Local File Systems.
May 27 15:30:48 Ubuntu systemd[1]: Starting Load AppArmor profiles...
May 27 15:30:48 Ubuntu systemd[1]: Starting Set console font and keymap...
May 27 15:30:48 Ubuntu systemd[1]: Starting Tell Plymouth To Write Out Runtime Data...
May 27 15:30:48 Ubuntu systemd[1]: Condition check resulted in Set Up Additional Binary Formats being skipped.
May 27 15:30:48 Ubuntu systemd[1]: Condition check resulted in Store a System Token in an EFI Variable being skipped.
May 27 15:30:48 Ubuntu systemd[1]: Condition check resulted in Commit a transient machine-id on disk being skipped.
May 27 15:30:48 Ubuntu systemd[1]: Starting Create Volatile Files and Directories...
May 27 15:30:48 Ubuntu systemd[1]: Starting Uncomplicated firewall...
May 27 15:30:48 Ubuntu systemd[1]: Finished Set console font and keymap.
May 27 15:30:48 Ubuntu systemd[1]: Finished Uncomplicated firewall.
May 27 15:30:48 Ubuntu systemd[1]: Reached target Preparation for Network.
May 27 15:30:48 Ubuntu systemd[1]: Finished Tell Plymouth To Write Out Runtime Data.
May 27 15:30:48 Ubuntu systemd[1]: Received SIGRTMIN+20 from PID 313 (plymouthd).
May 27 15:30:48 Ubuntu systemd[1]: Finished Create Volatile Files and Directories.
May 27 15:30:48 Ubuntu apparmor.systemd[418]: Restarting AppArmor
May 27 15:30:48 Ubuntu apparmor.systemd[418]: Reloading AppArmor profiles
May 27 15:30:48 Ubuntu systemd[1]: Starting Userspace Out-Of-Memory (OOM) Killer...
May 27 15:30:48 Ubuntu systemd[1]: Starting Network Name Resolution...
May 27 15:30:48 Ubuntu systemd[1]: Starting Network Time Synchronization...
May 27 15:30:48 Ubuntu systemd[1]: Starting Record System Boot/Shutdown in UTMP...
May 27 15:30:48 Ubuntu systemd[1]: Finished Record System Boot/Shutdown in UTMP.
May 27 15:30:48 Ubuntu systemd[1]: Started Network Time Synchronization.
May 27 15:30:48 Ubuntu systemd[1]: Reached target System Time Set.
May 27 15:30:48 Ubuntu systemd[1]: Started Userspace Out-Of-Memory (OOM) Killer.
May 27 15:30:48 Ubuntu systemd-resolved[435]: Positive Trust Anchors:
May 27 15:30:48 Ubuntu systemd-resolved[435]: . IN DS 20326 8 2 e06d44b80b8f1d39a95c0b0d7c65d08458e880409bbc683457104237c7f8ec8d
May 27 15:30:48 Ubuntu systemd-resolved[435]: Negative trust anchors: home.arpa 10.in-addr.arpa 16.172.in-addr.arpa 17.172.in-addr.arpa 18.172.in-addr.arpa 19.172.in-addr.arpa 20.172.in-addr.arpa 21.172.in-addr.arpa 22.172.in-addr.arpa 23.172.in-addr.arpa 24.172.in-addr.arpa 25.172.in-addr.arpa 26.172.in-addr.arpa 27.172.in-addr.arpa 28.172.in-addr.arpa 29.172.in-addr.arpa 30.172.in-addr.arpa 31.172.in-addr.arpa 168.192.in-addr.arpa d.f.ip6.arpa corp home internal intranet lan local private test
May 27 15:30:48 Ubuntu systemd-resolved[435]: Using system hostname 'Ubuntu'.
May 27 15:30:48 Ubuntu systemd[1]: Started Network Name Resolution.
May 27 15:30:48 Ubuntu systemd[1]: Reached target Host and Network Name Lookups.
May 27 15:30:48 Ubuntu systemd-udevd[298]: controlC0: Process '/usr/sbin/alsactl -E HOME=/run/alsa -E XDG_RUNTIME_DIR=/run/alsa/runtime restore 0' failed with exit code 99.
May 27 15:30:48 Ubuntu systemd[1]: Condition check resulted in Dispatch Password Requests to Console Directory Watch being skipped.
May 27 15:30:48 Ubuntu systemd[1]: Starting Load Kernel Module chromeos_pstore...
May 27 15:30:48 Ubuntu systemd[1]: Starting Load Kernel Module efi_pstore...
May 27 15:30:48 Ubuntu systemd[1]: Starting Load Kernel Module pstore_blk...
May 27 15:30:48 Ubuntu systemd[1]: Starting Load Kernel Module pstore_zone...
May 27 15:30:48 Ubuntu systemd[1]: Starting Load Kernel Module ramoops...
May 27 15:30:48 Ubuntu systemd[1]: Condition check resulted in Set Up Additional Binary Formats being skipped.
May 27 15:30:48 Ubuntu systemd[1]: Condition check resulted in Store a System Token in an EFI Variable being skipped.
May 27 15:30:48 Ubuntu systemd[1]: Condition check resulted in Commit a transient machine-id on disk being skipped.
May 27 15:30:48 Ubuntu systemd[1]: modprobe@efi_pstore.service: Deactivated successfully.
May 27 15:30:48 Ubuntu systemd[1]: Finished Load Kernel Module efi_pstore.
May 27 15:30:48 Ubuntu systemd[1]: modprobe@pstore_blk.service: Deactivated successfully.
May 27 15:30:48 Ubuntu systemd[1]: Finished Load Kernel Module pstore_blk.
May 27 15:30:48 Ubuntu systemd[1]: modprobe@pstore_zone.service: Deactivated successfully.
May 27 15:30:48 Ubuntu systemd[1]: Finished Load Kernel Module pstore_zone.
May 27 15:30:48 Ubuntu systemd[1]: modprobe@ramoops.service: Deactivated successfully.
May 27 15:30:48 Ubuntu systemd[1]: Finished Load Kernel Module ramoops.
May 27 15:30:48 Ubuntu systemd[1]: modprobe@chromeos_pstore.service: Deactivated successfully.
May 27 15:30:48 Ubuntu systemd[1]: Finished Load Kernel Module chromeos_pstore.
May 27 15:30:48 Ubuntu systemd[1]: Condition check resulted in Platform Persistent Storage Archival being skipped.
May 27 15:30:48 Ubuntu apparmor.systemd[546]: Skipping profile in /etc/apparmor.d/disable: usr.sbin.rsyslogd
May 27 15:30:48 Ubuntu systemd[1]: Finished Load AppArmor profiles.
May 27 15:30:48 Ubuntu systemd[1]: Starting Load AppArmor profiles managed internally by snapd...
May 27 15:30:48 Ubuntu systemd[1]: Condition check resulted in Authentication service for virtual machines hosted on VMware being skipped.
May 27 15:30:48 Ubuntu systemd[1]: Condition check resulted in Service for virtual machines hosted on VMware being skipped.
May 27 15:30:48 Ubuntu systemd[1]: proc-sys-fs-binfmt_misc.automount: Got automount request for /proc/sys/fs/binfmt_misc, triggered by 547 (snapd-apparmor)
May 27 15:30:48 Ubuntu systemd[1]: Mounting Arbitrary Executable File Formats File System...
May 27 15:30:48 Ubuntu systemd[1]: Mounted Arbitrary Executable File Formats File System.
May 27 15:30:48 Ubuntu systemd[1]: Finished Load AppArmor profiles managed internally by snapd.
May 27 15:30:48 Ubuntu systemd[1]: Reached target System Initialization.
May 27 15:30:48 Ubuntu systemd[1]: Started ACPI Events Check.
May 27 15:30:48 Ubuntu systemd[1]: Condition check resulted in Process error reports when automatic reporting is enabled (file watch) being skipped.
May 27 15:30:48 Ubuntu systemd[1]: Started CUPS Scheduler.
May 27 15:30:48 Ubuntu systemd[1]: Started Start whoopsie on modification of the /var/crash directory.
May 27 15:30:48 Ubuntu systemd[1]: Started Trigger anacron every hour.
May 27 15:30:48 Ubuntu systemd[1]: Condition check resulted in Process error reports when automatic reporting is enabled (timer based) being skipped.
May 27 15:30:48 Ubuntu systemd[1]: Started Daily apt download activities.
May 27 15:30:48 Ubuntu systemd[1]: Started Daily apt upgrade and clean activities.
May 27 15:30:48 Ubuntu systemd[1]: Started Daily dpkg database backup timer.
May 27 15:30:48 Ubuntu systemd[1]: Started Periodic ext4 Online Metadata Check for All Filesystems.
May 27 15:30:48 Ubuntu systemd[1]: Started Discard unused blocks once a week.
May 27 15:30:48 Ubuntu systemd[1]: Started Refresh fwupd metadata regularly.
May 27 15:30:48 Ubuntu systemd[1]: Started Daily rotation of log files.
May 27 15:30:48 Ubuntu systemd[1]: Started Daily man-db regeneration.
May 27 15:30:48 Ubuntu systemd[1]: Started Message of the Day.
May 27 15:30:48 Ubuntu systemd[1]: Condition check resulted in Timer to automatically fetch and run repair assertions being skipped.
May 27 15:30:48 Ubuntu systemd[1]: Started Daily Cleanup of Temporary Directories.
May 27 15:30:48 Ubuntu systemd[1]: Started Ubuntu Advantage Timer for running repeated jobs.
May 27 15:30:48 Ubuntu systemd[1]: Reached target Path Units.
May 27 15:30:48 Ubuntu systemd[1]: Listening on ACPID Listen Socket.
May 27 15:30:48 Ubuntu systemd[1]: Condition check resulted in Unix socket for apport crash forwarding being skipped.
May 27 15:30:48 Ubuntu systemd[1]: Listening on Avahi mDNS/DNS-SD Stack Activation Socket.
May 27 15:30:48 Ubuntu systemd[1]: Listening on CUPS Scheduler.
May 27 15:30:48 Ubuntu systemd[1]: Listening on D-Bus System Message Bus Socket.
May 27 15:30:48 Ubuntu systemd[1]: Starting Socket activation for snappy daemon...
May 27 15:30:48 Ubuntu systemd[1]: Listening on UUID daemon activation socket.
May 27 15:30:48 Ubuntu systemd[1]: Listening on Socket activation for snappy daemon.
May 27 15:30:48 Ubuntu systemd[1]: Reached target Socket Units.
May 27 15:30:48 Ubuntu systemd[1]: Reached target Basic System.
May 27 15:30:48 Ubuntu systemd[1]: Starting Accounts Service...
May 27 15:30:48 Ubuntu systemd[1]: Started ACPI event daemon.
May 27 15:30:48 Ubuntu systemd[1]: Started Run anacron jobs.
May 27 15:30:48 Ubuntu systemd[1]: Starting LSB: automatic crash report generation...
May 27 15:30:48 Ubuntu systemd[1]: Starting Avahi mDNS/DNS-SD Stack...
May 27 15:30:48 Ubuntu anacron[582]: Anacron 2.3 started on 2023-05-27
May 27 15:30:48 Ubuntu systemd[1]: Started Regular background program processing daemon.
May 27 15:30:48 Ubuntu anacron[582]: Will run job `cron.daily' in 5 min.
May 27 15:30:48 Ubuntu anacron[582]: Will run job `cron.weekly' in 10 min.
May 27 15:30:48 Ubuntu anacron[582]: Will run job `cron.monthly' in 15 min.
May 27 15:30:48 Ubuntu anacron[582]: Jobs will be executed sequentially
May 27 15:30:48 Ubuntu systemd[1]: Started D-Bus System Message Bus.
May 27 15:30:48 Ubuntu avahi-daemon[584]: Found user 'avahi' (UID 114) and group 'avahi' (GID 121).
May 27 15:30:48 Ubuntu systemd[1]: Starting Network Manager...
May 27 15:30:48 Ubuntu cron[585]: (CRON) INFO (pidfile fd = 3)
May 27 15:30:48 Ubuntu systemd[1]: Started Save initial kernel messages after boot.
May 27 15:30:48 Ubuntu cron[585]: (CRON) INFO (Running @reboot jobs)
May 27 15:30:48 Ubuntu systemd[1]: Starting Remove Stale Online ext4 Metadata Check Snapshots...
May 27 15:30:48 Ubuntu systemd[1]: Condition check resulted in getty on tty2-tty6 if dbus and logind are not available being skipped.
May 27 15:30:48 Ubuntu systemd[1]: Reached target Login Prompts.
May 27 15:30:48 Ubuntu systemd[1]: Starting Detect the available GPUs and deal with any system changes...
May 27 15:30:48 Ubuntu systemd[1]: Starting Record successful boot for GRUB...
May 27 15:30:48 Ubuntu systemd[1]: Started irqbalance daemon.
May 27 15:30:48 Ubuntu dbus-daemon[586]: dbus[586]: Unknown group "power" in message bus configuration file
May 27 15:30:48 Ubuntu systemd[1]: Starting Dispatcher daemon for systemd-networkd...
May 27 15:30:48 Ubuntu systemd[1]: Starting Authorization Manager...
May 27 15:30:48 Ubuntu systemd[1]: Starting Power Profiles daemon...
May 27 15:30:48 Ubuntu acpid: starting up with netlink and the input layer
May 27 15:30:48 Ubuntu systemd[1]: Starting System Logging Service...
May 27 15:30:48 Ubuntu systemd[1]: Condition check resulted in Secure Boot updates for DB and DBX being skipped.
May 27 15:30:48 Ubuntu systemd[1]: Condition check resulted in Userspace listener for prompt events being skipped.
May 27 15:30:48 Ubuntu systemd[1]: Condition check resulted in Automatically repair incorrect owner/permissions on core devices being skipped.
May 27 15:30:48 Ubuntu acpid: 8 rules loaded
May 27 15:30:48 Ubuntu acpid: waiting for events: event logging is off
May 27 15:30:48 Ubuntu systemd[1]: Condition check resulted in Wait for the Ubuntu Core chooser trigger being skipped.
May 27 15:30:48 Ubuntu systemd[1]: Reached target Preparation for Logins.
May 27 15:30:48 Ubuntu systemd[1]: Starting Snap Daemon...
May 27 15:30:48 Ubuntu systemd[1]: Starting Switcheroo Control Proxy service...
May 27 15:30:48 Ubuntu systemd[1]: Starting User Login Management...
May 27 15:30:48 Ubuntu systemd[1]: Condition check resulted in Thermal Daemon Service being skipped.
May 27 15:30:48 Ubuntu dbus-daemon[586]: [system] AppArmor D-Bus mediation is enabled
May 27 15:30:48 Ubuntu systemd[1]: Condition check resulted in Ubuntu Advantage reboot cmds being skipped.
May 27 15:30:48 Ubuntu systemd[1]: Starting Disk Manager...
May 27 15:30:48 Ubuntu systemd[1]: Starting WPA supplicant...
May 27 15:30:48 Ubuntu polkitd[597]: started daemon version 0.105 using authority implementation `local' version `0.105'
May 27 15:30:48 Ubuntu avahi-daemon[584]: Successfully dropped root privileges.
May 27 15:30:48 Ubuntu avahi-daemon[584]: avahi-daemon 0.8 starting up.
May 27 15:30:48 Ubuntu kernel: [    0.000000] Linux version 5.19.0-42-generic (buildd@lcy02-amd64-074) (x86_64-linux-gnu-gcc (Ubuntu 11.3.0-1ubuntu1~22.04.1) 11.3.0, GNU ld (GNU Binutils for Ubuntu) 2.38) #43~22.04.1-Ubuntu SMP PREEMPT_DYNAMIC Fri Apr 21 16:51:08 UTC 2 (Ubuntu 5.19.0-42.43~22.04.1-generic 5.19.17)
May 27 15:30:48 Ubuntu kernel: [    0.000000] Command line: BOOT_IMAGE=/boot/vmlinuz-5.19.0-42-generic root=UUID=a6b22fd5-74dd-41c2-814b-aea8a27340ae ro quiet splash
May 27 15:30:48 Ubuntu kernel: [    0.000000] KERNEL supported cpus:
May 27 15:30:48 Ubuntu kernel: [    0.000000]   Intel GenuineIntel
May 27 15:30:48 Ubuntu kernel: [    0.000000]   AMD AuthenticAMD
May 27 15:30:48 Ubuntu kernel: [    0.000000]   Hygon HygonGenuine
May 27 15:30:48 Ubuntu kernel: [    0.000000]   Centaur CentaurHauls
May 27 15:30:48 Ubuntu kernel: [    0.000000]   zhaoxin   Shanghai  
May 27 15:30:48 Ubuntu kernel: [    0.000000] x86/fpu: x87 FPU will use FXSAVE
May 27 15:30:48 Ubuntu kernel: [    0.000000] signal: max sigframe size: 1440
May 27 15:30:48 Ubuntu kernel: [    0.000000] BIOS-provided physical RAM map:
May 27 15:30:48 Ubuntu kernel: [    0.000000] BIOS-e820: [mem 0x0000000000000000-0x000000000009fbff] usable
May 27 15:30:48 Ubuntu kernel: [    0.000000] BIOS-e820: [mem 0x000000000009fc00-0x000000000009ffff] reserved
May 27 15:30:48 Ubuntu kernel: [    0.000000] BIOS-e820: [mem 0x00000000000f0000-0x00000000000fffff] reserved
May 27 15:30:48 Ubuntu kernel: [    0.000000] BIOS-e820: [mem 0x0000000000100000-0x00000000dffeffff] usable
May 27 15:30:48 Ubuntu kernel: [    0.000000] BIOS-e820: [mem 0x00000000dfff0000-0x00000000dfffffff] ACPI data
May 27 15:30:48 Ubuntu kernel: [    0.000000] BIOS-e820: [mem 0x00000000fec00000-0x00000000fec00fff] reserved
May 27 15:30:48 Ubuntu kernel: [    0.000000] BIOS-e820: [mem 0x00000000fee00000-0x00000000fee00fff] reserved
May 27 15:30:48 Ubuntu kernel: [    0.000000] BIOS-e820: [mem 0x00000000fffc0000-0x00000000ffffffff] reserved
May 27 15:30:48 Ubuntu kernel: [    0.000000] BIOS-e820: [mem 0x0000000100000000-0x0000000119ffffff] usable
May 27 15:30:48 Ubuntu kernel: [    0.000000] NX (Execute Disable) protection: active
May 27 15:30:48 Ubuntu kernel: [    0.000000] SMBIOS 2.5 present.
May 27 15:30:48 Ubuntu kernel: [    0.000000] DMI: innotek GmbH VirtualBox/VirtualBox, BIOS VirtualBox 12/01/2006
May 27 15:30:48 Ubuntu kernel: [    0.000000] Hypervisor detected: KVM
May 27 15:30:48 Ubuntu kernel: [    0.000000] kvm-clock: Using msrs 4b564d01 and 4b564d00
May 27 15:30:48 Ubuntu kernel: [    0.000006] kvm-clock: using sched offset of 997959737612 cycles
May 27 15:30:48 Ubuntu kernel: [    0.000012] clocksource: kvm-clock: mask: 0xffffffffffffffff max_cycles: 0x1cd42e4dffb, max_idle_ns: 881590591483 ns
May 27 15:30:48 Ubuntu kernel: [    0.000018] tsc: Detected 2995.198 MHz processor
May 27 15:30:48 Ubuntu kernel: [    0.002040] e820: update [mem 0x00000000-0x00000fff] usable ==> reserved
May 27 15:30:48 Ubuntu kernel: [    0.002044] e820: remove [mem 0x000a0000-0x000fffff] usable
May 27 15:30:48 Ubuntu kernel: [    0.002056] last_pfn = 0x11a000 max_arch_pfn = 0x400000000
May 27 15:30:48 Ubuntu kernel: [    0.002120] Disabled
May 27 15:30:48 Ubuntu kernel: [    0.002121] x86/PAT: MTRRs disabled, skipping PAT initialization too.
May 27 15:30:48 Ubuntu kernel: [    0.002126] CPU MTRRs all blank - virtualized system.
May 27 15:30:48 Ubuntu kernel: [    0.002129] x86/PAT: Configuration [0-7]: WB  WT  UC- UC  WB  WT  UC- UC  
May 27 15:30:48 Ubuntu kernel: [    0.002131] last_pfn = 0xdfff0 max_arch_pfn = 0x400000000
May 27 15:30:48 Ubuntu kernel: [    0.002192] found SMP MP-table at [mem 0x0009fff0-0x0009ffff]
May 27 15:30:48 Ubuntu kernel: [    0.002428] RAMDISK: [mem 0x2f811000-0x33bfffff]
May 27 15:30:48 Ubuntu kernel: [    0.002433] ACPI: Early table checksum verification disabled
May 27 15:30:48 Ubuntu kernel: [    0.002437] ACPI: RSDP 0x00000000000E0000 000024 (v02 VBOX  )
May 27 15:30:48 Ubuntu kernel: [    0.002442] ACPI: XSDT 0x00000000DFFF0030 00003C (v01 VBOX   VBOXXSDT 00000001 ASL  00000061)
May 27 15:30:48 Ubuntu kernel: [    0.002447] ACPI: FACP 0x00000000DFFF00F0 0000F4 (v04 VBOX   VBOXFACP 00000001 ASL  00000061)
May 27 15:30:48 Ubuntu kernel: [    0.002453] ACPI: DSDT 0x00000000DFFF0610 002353 (v02 VBOX   VBOXBIOS 00000002 INTL 20100528)
May 27 15:30:48 Ubuntu kernel: [    0.002457] ACPI: FACS 0x00000000DFFF0200 000040
May 27 15:30:48 Ubuntu kernel: [    0.002460] ACPI: FACS 0x00000000DFFF0200 000040
May 27 15:30:48 Ubuntu kernel: [    0.002463] ACPI: APIC 0x00000000DFFF0240 00005C (v02 VBOX   VBOXAPIC 00000001 ASL  00000061)
May 27 15:30:48 Ubuntu kernel: [    0.002466] ACPI: SSDT 0x00000000DFFF02A0 00036C (v01 VBOX   VBOXCPUT 00000002 INTL 20100528)
May 27 15:30:48 Ubuntu kernel: [    0.002468] ACPI: Reserving FACP table memory at [mem 0xdfff00f0-0xdfff01e3]
May 27 15:30:48 Ubuntu kernel: [    0.002469] ACPI: Reserving DSDT table memory at [mem 0xdfff0610-0xdfff2962]
May 27 15:30:48 Ubuntu kernel: [    0.002470] ACPI: Reserving FACS table memory at [mem 0xdfff0200-0xdfff023f]
May 27 15:30:48 Ubuntu kernel: [    0.002471] ACPI: Reserving FACS table memory at [mem 0xdfff0200-0xdfff023f]
May 27 15:30:48 Ubuntu kernel: [    0.002471] ACPI: Reserving APIC table memory at [mem 0xdfff0240-0xdfff029b]
May 27 15:30:48 Ubuntu kernel: [    0.002472] ACPI: Reserving SSDT table memory at [mem 0xdfff02a0-0xdfff060b]
May 27 15:30:48 Ubuntu kernel: [    0.003474] No NUMA configuration found
May 27 15:30:48 Ubuntu kernel: [    0.003475] Faking a node at [mem 0x0000000000000000-0x0000000119ffffff]
May 27 15:30:48 Ubuntu kernel: [    0.003481] NODE_DATA(0) allocated [mem 0x119fd3000-0x119ffdfff]
May 27 15:30:48 Ubuntu kernel: [    0.004183] Zone ranges:
May 27 15:30:48 Ubuntu kernel: [    0.004184]   DMA      [mem 0x0000000000001000-0x0000000000ffffff]
May 27 15:30:48 Ubuntu kernel: [    0.004186]   DMA32    [mem 0x0000000001000000-0x00000000ffffffff]
May 27 15:30:48 Ubuntu kernel: [    0.004188]   Normal   [mem 0x0000000100000000-0x0000000119ffffff]
May 27 15:30:48 Ubuntu kernel: [    0.004189]   Device   empty
May 27 15:30:48 Ubuntu kernel: [    0.004189] Movable zone start for each node
May 27 15:30:48 Ubuntu kernel: [    0.004191] Early memory node ranges
May 27 15:30:48 Ubuntu kernel: [    0.004191]   node   0: [mem 0x0000000000001000-0x000000000009efff]
May 27 15:30:48 Ubuntu kernel: [    0.004192]   node   0: [mem 0x0000000000100000-0x00000000dffeffff]
May 27 15:30:48 Ubuntu kernel: [    0.004193]   node   0: [mem 0x0000000100000000-0x0000000119ffffff]
May 27 15:30:48 Ubuntu kernel: [    0.004194] Initmem setup node 0 [mem 0x0000000000001000-0x0000000119ffffff]
May 27 15:30:48 Ubuntu kernel: [    0.004232] On node 0, zone DMA: 1 pages in unavailable ranges
May 27 15:30:48 Ubuntu kernel: [    0.004914] On node 0, zone DMA: 97 pages in unavailable ranges
May 27 15:30:48 Ubuntu kernel: [    0.042383] On node 0, zone Normal: 16 pages in unavailable ranges
May 27 15:30:48 Ubuntu kernel: [    0.048005] On node 0, zone Normal: 24576 pages in unavailable ranges
May 27 15:30:48 Ubuntu kernel: [    0.050415] ACPI: PM-Timer IO Port: 0x4008
May 27 15:30:48 Ubuntu kernel: [    0.050770] IOAPIC[0]: apic_id 2, version 32, address 0xfec00000, GSI 0-23
May 27 15:30:48 Ubuntu kernel: [    0.050776] ACPI: INT_SRC_OVR (bus 0 bus_irq 0 global_irq 2 dfl dfl)
May 27 15:30:48 Ubuntu kernel: [    0.050779] ACPI: INT_SRC_OVR (bus 0 bus_irq 9 global_irq 9 low level)
May 27 15:30:48 Ubuntu kernel: [    0.050785] ACPI: Using ACPI (MADT) for SMP configuration information
May 27 15:30:48 Ubuntu kernel: [    0.050820] smpboot: Allowing 2 CPUs, 0 hotplug CPUs
May 27 15:30:48 Ubuntu kernel: [    0.050987] PM: hibernation: Registered nosave memory: [mem 0x00000000-0x00000fff]
May 27 15:30:48 Ubuntu kernel: [    0.050990] PM: hibernation: Registered nosave memory: [mem 0x0009f000-0x0009ffff]
May 27 15:30:48 Ubuntu kernel: [    0.050991] PM: hibernation: Registered nosave memory: [mem 0x000a0000-0x000effff]
May 27 15:30:48 Ubuntu kernel: [    0.050991] PM: hibernation: Registered nosave memory: [mem 0x000f0000-0x000fffff]
May 27 15:30:48 Ubuntu kernel: [    0.050993] PM: hibernation: Registered nosave memory: [mem 0xdfff0000-0xdfffffff]
May 27 15:30:48 Ubuntu kernel: [    0.050993] PM: hibernation: Registered nosave memory: [mem 0xe0000000-0xfebfffff]
May 27 15:30:48 Ubuntu kernel: [    0.050994] PM: hibernation: Registered nosave memory: [mem 0xfec00000-0xfec00fff]
May 27 15:30:48 Ubuntu kernel: [    0.050995] PM: hibernation: Registered nosave memory: [mem 0xfec01000-0xfedfffff]
May 27 15:30:48 Ubuntu kernel: [    0.050995] PM: hibernation: Registered nosave memory: [mem 0xfee00000-0xfee00fff]
May 27 15:30:48 Ubuntu kernel: [    0.050996] PM: hibernation: Registered nosave memory: [mem 0xfee01000-0xfffbffff]
May 27 15:30:48 Ubuntu kernel: [    0.050997] PM: hibernation: Registered nosave memory: [mem 0xfffc0000-0xffffffff]
May 27 15:30:48 Ubuntu kernel: [    0.050998] [mem 0xe0000000-0xfebfffff] available for PCI devices
May 27 15:30:48 Ubuntu kernel: [    0.050999] Booting paravirtualized kernel on KVM
May 27 15:30:48 Ubuntu kernel: [    0.051002] clocksource: refined-jiffies: mask: 0xffffffff max_cycles: 0xffffffff, max_idle_ns: 7645519600211568 ns
May 27 15:30:48 Ubuntu kernel: [    0.051010] setup_percpu: NR_CPUS:8192 nr_cpumask_bits:2 nr_cpu_ids:2 nr_node_ids:1
May 27 15:30:48 Ubuntu kernel: [    0.055390] percpu: Embedded 61 pages/cpu s212992 r8192 d28672 u1048576
May 27 15:30:48 Ubuntu kernel: [    0.055398] pcpu-alloc: s212992 r8192 d28672 u1048576 alloc=1*2097152
May 27 15:30:48 Ubuntu kernel: [    0.055400] pcpu-alloc: [0] 0 1 
May 27 15:30:48 Ubuntu kernel: [    0.055539] kvm-guest: PV spinlocks enabled
May 27 15:30:48 Ubuntu kernel: [    0.055542] PV qspinlock hash table entries: 256 (order: 0, 4096 bytes, linear)
May 27 15:30:48 Ubuntu kernel: [    0.055552] Fallback order for Node 0: 0 
May 27 15:30:48 Ubuntu kernel: [    0.055555] Built 1 zonelists, mobility grouping on.  Total pages: 1007728
May 27 15:30:48 Ubuntu kernel: [    0.055557] Policy zone: Normal
May 27 15:30:48 Ubuntu kernel: [    0.055558] Kernel command line: BOOT_IMAGE=/boot/vmlinuz-5.19.0-42-generic root=UUID=a6b22fd5-74dd-41c2-814b-aea8a27340ae ro quiet splash
May 27 15:30:48 Ubuntu kernel: [    0.055620] Unknown kernel command line parameters "splash BOOT_IMAGE=/boot/vmlinuz-5.19.0-42-generic", will be passed to user space.
May 27 15:30:48 Ubuntu kernel: [    0.055950] Dentry cache hash table entries: 524288 (order: 10, 4194304 bytes, linear)
May 27 15:30:48 Ubuntu kernel: [    0.056120] Inode-cache hash table entries: 262144 (order: 9, 2097152 bytes, linear)
May 27 15:30:48 Ubuntu kernel: [    0.056201] mem auto-init: stack:off, heap alloc:on, heap free:off
May 27 15:30:48 Ubuntu kernel: [    0.166113] Memory: 3841256K/4095544K available (18440K kernel code, 4084K rwdata, 11304K rodata, 3164K init, 4876K bss, 254028K reserved, 0K cma-reserved)
May 27 15:30:48 Ubuntu kernel: [    0.166873] SLUB: HWalign=64, Order=0-3, MinObjects=0, CPUs=2, Nodes=1
May 27 15:30:48 Ubuntu kernel: [    0.166942] ftrace: allocating 52247 entries in 205 pages
May 27 15:30:48 Ubuntu kernel: [    0.177719] ftrace: allocated 205 pages with 5 groups
May 27 15:30:48 Ubuntu kernel: [    0.179290] Dynamic Preempt: voluntary
May 27 15:30:48 Ubuntu kernel: [    0.179349] rcu: Preemptible hierarchical RCU implementation.
May 27 15:30:48 Ubuntu kernel: [    0.179351] rcu: 	RCU restricting CPUs from NR_CPUS=8192 to nr_cpu_ids=2.
May 27 15:30:48 Ubuntu kernel: [    0.179352] 	Trampoline variant of Tasks RCU enabled.
May 27 15:30:48 Ubuntu kernel: [    0.179353] 	Rude variant of Tasks RCU enabled.
May 27 15:30:48 Ubuntu kernel: [    0.179353] 	Tracing variant of Tasks RCU enabled.
May 27 15:30:48 Ubuntu kernel: [    0.179354] rcu: RCU calculated value of scheduler-enlistment delay is 25 jiffies.
May 27 15:30:48 Ubuntu kernel: [    0.179359] rcu: Adjusting geometry for rcu_fanout_leaf=16, nr_cpu_ids=2
May 27 15:30:48 Ubuntu kernel: [    0.183789] NR_IRQS: 524544, nr_irqs: 440, preallocated irqs: 16
May 27 15:30:48 Ubuntu kernel: [    0.184087] rcu: srcu_init: Setting srcu_struct sizes based on contention.
May 27 15:30:48 Ubuntu kernel: [    0.184243] random: crng init done
May 27 15:30:48 Ubuntu kernel: [    0.229330] Console: colour VGA+ 80x25
May 27 15:30:48 Ubuntu kernel: [    0.229347] printk: console [tty0] enabled
May 27 15:30:48 Ubuntu kernel: [    0.229380] ACPI: Core revision 20220331
May 27 15:30:48 Ubuntu kernel: [    0.229662] APIC: Switch to symmetric I/O mode setup
May 27 15:30:48 Ubuntu kernel: [    0.251506] ..TIMER: vector=0x30 apic1=0 pin1=2 apic2=-1 pin2=-1
May 27 15:30:48 Ubuntu kernel: [    0.251892] clocksource: tsc-early: mask: 0xffffffffffffffff max_cycles: 0x2b2c8d6afc8, max_idle_ns: 440795331172 ns
May 27 15:30:48 Ubuntu kernel: [    0.251904] Calibrating delay loop (skipped) preset value.. 5990.39 BogoMIPS (lpj=11980792)
May 27 15:30:48 Ubuntu kernel: [    0.251908] pid_max: default: 32768 minimum: 301
May 27 15:30:48 Ubuntu kernel: [    0.251945] LSM: Security Framework initializing
May 27 15:30:48 Ubuntu kernel: [    0.251957] landlock: Up and running.
May 27 15:30:48 Ubuntu kernel: [    0.251958] Yama: becoming mindful.
May 27 15:30:48 Ubuntu kernel: [    0.252106] AppArmor: AppArmor initialized
May 27 15:30:48 Ubuntu kernel: [    0.252156] Mount-cache hash table entries: 8192 (order: 4, 65536 bytes, linear)
May 27 15:30:48 Ubuntu kernel: [    0.252170] Mountpoint-cache hash table entries: 8192 (order: 4, 65536 bytes, linear)
May 27 15:30:48 Ubuntu kernel: [    0.260107] Last level iTLB entries: 4KB 0, 2MB 0, 4MB 0
May 27 15:30:48 Ubuntu kernel: [    0.260111] Last level dTLB entries: 4KB 0, 2MB 0, 4MB 0, 1GB 0
May 27 15:30:48 Ubuntu kernel: [    0.260117] Spectre V1 : Mitigation: usercopy/swapgs barriers and __user pointer sanitization
May 27 15:30:48 Ubuntu kernel: [    0.260120] Spectre V2 : Mitigation: Enhanced IBRS
May 27 15:30:48 Ubuntu kernel: [    0.260121] Spectre V2 : Spectre v2 / SpectreRSB mitigation: Filling RSB on context switch
May 27 15:30:48 Ubuntu kernel: [    0.260122] Spectre V2 : Spectre v2 / PBRSB-eIBRS: Retire a single CALL on VMEXIT
May 27 15:30:48 Ubuntu kernel: [    0.260123] RETBleed: Mitigation: Enhanced IBRS
May 27 15:30:48 Ubuntu kernel: [    0.260124] Speculative Store Bypass: Vulnerable
May 27 15:30:48 Ubuntu kernel: [    0.279898] Freeing SMP alternatives memory: 44K
May 27 15:30:48 Ubuntu kernel: [    0.385221] APIC calibration not consistent with PM-Timer: 97ms instead of 100ms
May 27 15:30:48 Ubuntu kernel: [    0.385227] APIC delta adjusted to PM-Timer: 6249961 (6104797)
May 27 15:30:48 Ubuntu kernel: [    0.385639] smpboot: CPU0: 11th Gen Intel(R) Core(TM) i3-1115G4 @ 3.00GHz (family: 0x6, model: 0x8c, stepping: 0x1)
May 27 15:30:48 Ubuntu kernel: [    0.386262] cblist_init_generic: Setting adjustable number of callback queues.
May 27 15:30:48 Ubuntu kernel: [    0.386264] cblist_init_generic: Setting shift to 1 and lim to 1.
May 27 15:30:48 Ubuntu kernel: [    0.386325] cblist_init_generic: Setting shift to 1 and lim to 1.
May 27 15:30:48 Ubuntu kernel: [    0.386354] cblist_init_generic: Setting shift to 1 and lim to 1.
May 27 15:30:48 Ubuntu kernel: [    0.386367] Performance Events: unsupported p6 CPU model 140 no PMU driver, software events only.
May 27 15:30:48 Ubuntu kernel: [    0.386439] rcu: Hierarchical SRCU implementation.
May 27 15:30:48 Ubuntu kernel: [    0.386441] rcu: 	Max phase no-delay instances is 1000.
May 27 15:30:48 Ubuntu kernel: [    0.387085] NMI watchdog: Perf NMI watchdog permanently disabled
May 27 15:30:48 Ubuntu kernel: [    0.387206] smp: Bringing up secondary CPUs ...
May 27 15:30:48 Ubuntu kernel: [    0.387656] x86: Booting SMP configuration:
May 27 15:30:48 Ubuntu kernel: [    0.387659] .... node  #0, CPUs:      #1
May 27 15:30:48 Ubuntu kernel: [    0.391898] TSC synchronization [CPU#0 -> CPU#1]:
May 27 15:30:48 Ubuntu kernel: [    0.391898] Measured 108065 cycles TSC warp between CPUs, turning off TSC clock.
May 27 15:30:48 Ubuntu kernel: [    0.391898] tsc: Marking TSC unstable due to check_tsc_sync_source failed
May 27 15:30:48 Ubuntu kernel: [    0.392555] smp: Brought up 1 node, 2 CPUs
May 27 15:30:48 Ubuntu kernel: [    0.392558] smpboot: Max logical packages: 1
May 27 15:30:48 Ubuntu kernel: [    0.392560] smpboot: Total of 2 processors activated (11980.79 BogoMIPS)
May 27 15:30:48 Ubuntu kernel: [    0.393175] devtmpfs: initialized
May 27 15:30:48 Ubuntu kernel: [    0.393175] x86/mm: Memory block size: 128MB
May 27 15:30:48 Ubuntu kernel: [    0.396286] clocksource: jiffies: mask: 0xffffffff max_cycles: 0xffffffff, max_idle_ns: 7645041785100000 ns
May 27 15:30:48 Ubuntu kernel: [    0.396399] futex hash table entries: 512 (order: 3, 32768 bytes, linear)
May 27 15:30:48 Ubuntu kernel: [    0.396452] pinctrl core: initialized pinctrl subsystem
May 27 15:30:48 Ubuntu kernel: [    0.396915] PM: RTC time: 20:30:33, date: 2023-05-27
May 27 15:30:48 Ubuntu kernel: [    0.402279] NET: Registered PF_NETLINK/PF_ROUTE protocol family
May 27 15:30:48 Ubuntu kernel: [    0.402382] DMA: preallocated 512 KiB GFP_KERNEL pool for atomic allocations
May 27 15:30:48 Ubuntu kernel: [    0.402418] DMA: preallocated 512 KiB GFP_KERNEL|GFP_DMA pool for atomic allocations
May 27 15:30:48 Ubuntu kernel: [    0.402461] DMA: preallocated 512 KiB GFP_KERNEL|GFP_DMA32 pool for atomic allocations
May 27 15:30:48 Ubuntu kernel: [    0.402473] audit: initializing netlink subsys (disabled)
May 27 15:30:48 Ubuntu kernel: [    0.402609] audit: type=2000 audit(1685220437.968:1): state=initialized audit_enabled=0 res=1
May 27 15:30:48 Ubuntu kernel: [    0.402609] thermal_sys: Registered thermal governor 'fair_share'
May 27 15:30:48 Ubuntu kernel: [    0.402609] thermal_sys: Registered thermal governor 'bang_bang'
May 27 15:30:48 Ubuntu kernel: [    0.402609] thermal_sys: Registered thermal governor 'step_wise'
May 27 15:30:48 Ubuntu kernel: [    0.402609] thermal_sys: Registered thermal governor 'user_space'
May 27 15:30:48 Ubuntu kernel: [    0.402609] thermal_sys: Registered thermal governor 'power_allocator'
May 27 15:30:48 Ubuntu kernel: [    0.402609] EISA bus registered
May 27 15:30:48 Ubuntu kernel: [    0.402609] cpuidle: using governor ladder
May 27 15:30:48 Ubuntu kernel: [    0.402609] cpuidle: using governor menu
May 27 15:30:48 Ubuntu kernel: [    0.402609] acpiphp: ACPI Hot Plug PCI Controller Driver version: 0.5
May 27 15:30:48 Ubuntu kernel: [    0.402609] PCI: Using configuration type 1 for base access
May 27 15:30:48 Ubuntu kernel: [    0.404947] kprobes: kprobe jump-optimization is enabled. All kprobes are optimized if possible.
May 27 15:30:48 Ubuntu kernel: [    0.424282] HugeTLB: can optimize 7 vmemmap pages for hugepages-2048kB
May 27 15:30:48 Ubuntu kernel: [    0.424282] HugeTLB registered 2.00 MiB page size, pre-allocated 0 pages
May 27 15:30:48 Ubuntu kernel: [    0.428222] ACPI: Added _OSI(Module Device)
May 27 15:30:48 Ubuntu kernel: [    0.428224] ACPI: Added _OSI(Processor Device)
May 27 15:30:48 Ubuntu kernel: [    0.428225] ACPI: Added _OSI(3.0 _SCP Extensions)
May 27 15:30:48 Ubuntu kernel: [    0.428226] ACPI: Added _OSI(Processor Aggregator Device)
May 27 15:30:48 Ubuntu kernel: [    0.428228] ACPI: Added _OSI(Linux-Dell-Video)
May 27 15:30:48 Ubuntu kernel: [    0.428230] ACPI: Added _OSI(Linux-Lenovo-NV-HDMI-Audio)
May 27 15:30:48 Ubuntu kernel: [    0.428231] ACPI: Added _OSI(Linux-HPI-Hybrid-Graphics)
May 27 15:30:48 Ubuntu kernel: [    0.432450] ACPI: 2 ACPI AML tables successfully acquired and loaded
May 27 15:30:48 Ubuntu kernel: [    0.435638] ACPI: Interpreter enabled
May 27 15:30:48 Ubuntu kernel: [    0.435651] ACPI: PM: (supports S0 S5)
May 27 15:30:48 Ubuntu kernel: [    0.435652] ACPI: Using IOAPIC for interrupt routing
May 27 15:30:48 Ubuntu kernel: [    0.435898] PCI: Using host bridge windows from ACPI; if necessary, use "pci=nocrs" and report a bug
May 27 15:30:48 Ubuntu kernel: [    0.435898] PCI: Using E820 reservations for host bridge windows
May 27 15:30:48 Ubuntu kernel: [    0.435898] ACPI: Enabled 2 GPEs in block 00 to 07
May 27 15:30:48 Ubuntu kernel: [    0.440571] ACPI: PCI Root Bridge [PCI0] (domain 0000 [bus 00-ff])
May 27 15:30:48 Ubuntu kernel: [    0.440579] acpi PNP0A03:00: _OSC: OS supports [ASPM ClockPM Segments MSI EDR HPX-Type3]
May 27 15:30:48 Ubuntu kernel: [    0.440581] acpi PNP0A03:00: _OSC: not requesting OS control; OS requires [ExtendedConfig ASPM ClockPM MSI]
May 27 15:30:48 Ubuntu kernel: [    0.441195] acpi PNP0A03:00: fail to add MMCONFIG information, can't access extended PCI configuration space under this bridge.
May 27 15:30:48 Ubuntu kernel: [    0.441767] PCI host bridge to bus 0000:00
May 27 15:30:48 Ubuntu kernel: [    0.441769] pci_bus 0000:00: root bus resource [io  0x0000-0x0cf7 window]
May 27 15:30:48 Ubuntu kernel: [    0.441770] pci_bus 0000:00: root bus resource [io  0x0d00-0xffff window]
May 27 15:30:48 Ubuntu kernel: [    0.441771] pci_bus 0000:00: root bus resource [mem 0x000a0000-0x000bffff window]
May 27 15:30:48 Ubuntu kernel: [    0.441772] pci_bus 0000:00: root bus resource [mem 0xe0000000-0xfdffffff window]
May 27 15:30:48 Ubuntu kernel: [    0.441774] pci_bus 0000:00: root bus resource [bus 00-ff]
May 27 15:30:48 Ubuntu kernel: [    0.442094] pci 0000:00:00.0: [8086:1237] type 00 class 0x060000
May 27 15:30:48 Ubuntu kernel: [    0.443334] pci 0000:00:01.0: [8086:7000] type 00 class 0x060100
May 27 15:30:48 Ubuntu kernel: [    0.445397] pci 0000:00:01.1: [8086:7111] type 00 class 0x01018a
May 27 15:30:48 Ubuntu kernel: [    0.446398] pci 0000:00:01.1: reg 0x20: [io  0xd000-0xd00f]
May 27 15:30:48 Ubuntu kernel: [    0.446821] pci 0000:00:01.1: legacy IDE quirk: reg 0x10: [io  0x01f0-0x01f7]
May 27 15:30:48 Ubuntu kernel: [    0.446822] pci 0000:00:01.1: legacy IDE quirk: reg 0x14: [io  0x03f6]
May 27 15:30:48 Ubuntu kernel: [    0.446823] pci 0000:00:01.1: legacy IDE quirk: reg 0x18: [io  0x0170-0x0177]
May 27 15:30:48 Ubuntu kernel: [    0.446824] pci 0000:00:01.1: legacy IDE quirk: reg 0x1c: [io  0x0376]
May 27 15:30:48 Ubuntu kernel: [    0.447355] pci 0000:00:02.0: [15ad:0405] type 00 class 0x030000
May 27 15:30:48 Ubuntu kernel: [    0.447901] pci 0000:00:02.0: reg 0x10: [io  0xd010-0xd01f]
May 27 15:30:48 Ubuntu kernel: [    0.449123] pci 0000:00:02.0: reg 0x14: [mem 0xe0000000-0xe0ffffff pref]
May 27 15:30:48 Ubuntu kernel: [    0.450016] pci 0000:00:02.0: reg 0x18: [mem 0xf0000000-0xf01fffff]
May 27 15:30:48 Ubuntu kernel: [    0.452379] pci 0000:00:02.0: Video device with shadowed ROM at [mem 0x000c0000-0x000dffff]
May 27 15:30:48 Ubuntu kernel: [    0.452942] pci 0000:00:03.0: [8086:100e] type 00 class 0x020000
May 27 15:30:48 Ubuntu kernel: [    0.453318] pci 0000:00:03.0: reg 0x10: [mem 0xf0200000-0xf021ffff]
May 27 15:30:48 Ubuntu kernel: [    0.453706] pci 0000:00:03.0: reg 0x18: [io  0xd020-0xd027]
May 27 15:30:48 Ubuntu kernel: [    0.455550] pci 0000:00:04.0: [80ee:cafe] type 00 class 0x088000
May 27 15:30:48 Ubuntu kernel: [    0.455901] pci 0000:00:04.0: reg 0x10: [io  0xd040-0xd05f]
May 27 15:30:48 Ubuntu kernel: [    0.456206] pci 0000:00:04.0: reg 0x14: [mem 0xf0400000-0xf07fffff]
May 27 15:30:48 Ubuntu kernel: [    0.456506] pci 0000:00:04.0: reg 0x18: [mem 0xf0800000-0xf0803fff pref]
May 27 15:30:48 Ubuntu kernel: [    0.458199] pci 0000:00:05.0: [8086:2415] type 00 class 0x040100
May 27 15:30:48 Ubuntu kernel: [    0.458520] pci 0000:00:05.0: reg 0x10: [io  0xd100-0xd1ff]
May 27 15:30:48 Ubuntu kernel: [    0.458688] pci 0000:00:05.0: reg 0x14: [io  0xd200-0xd23f]
May 27 15:30:48 Ubuntu rsyslogd: imuxsock: Acquired UNIX socket '/run/systemd/journal/syslog' (fd 3) from systemd.  [v8.2112.0]
May 27 15:30:48 Ubuntu kernel: [    0.459976] pci 0000:00:06.0: [106b:003f] type 00 class 0x0c0310
May 27 15:30:48 Ubuntu kernel: [    0.460329] pci 0000:00:06.0: reg 0x10: [mem 0xf0804000-0xf0804fff]
May 27 15:30:48 Ubuntu kernel: [    0.462210] pci 0000:00:07.0: [8086:7113] type 00 class 0x068000
May 27 15:30:48 Ubuntu kernel: [    0.463411] pci 0000:00:07.0: quirk: [io  0x4000-0x403f] claimed by PIIX4 ACPI
May 27 15:30:48 Ubuntu kernel: [    0.463440] pci 0000:00:07.0: quirk: [io  0x4100-0x410f] claimed by PIIX4 SMB
May 27 15:30:48 Ubuntu kernel: [    0.475898] pci 0000:00:0b.0: [8086:265c] type 00 class 0x0c0320
May 27 15:30:48 Ubuntu rsyslogd: rsyslogd's groupid changed to 111
May 27 15:30:48 Ubuntu kernel: [    0.475983] pci 0000:00:0b.0: reg 0x10: [mem 0xf0805000-0xf0805fff]
May 27 15:30:48 Ubuntu kernel: [    0.483638] pci 0000:00:0d.0: [8086:2829] type 00 class 0x010601
May 27 15:30:48 Ubuntu kernel: [    0.483898] pci 0000:00:0d.0: reg 0x10: [io  0xd240-0xd247]
May 27 15:30:48 Ubuntu kernel: [    0.483898] pci 0000:00:0d.0: reg 0x14: [io  0xd248-0xd24b]
May 27 15:30:48 Ubuntu kernel: [    0.483898] pci 0000:00:0d.0: reg 0x18: [io  0xd250-0xd257]
May 27 15:30:48 Ubuntu kernel: [    0.483898] pci 0000:00:0d.0: reg 0x1c: [io  0xd258-0xd25b]
May 27 15:30:48 Ubuntu kernel: [    0.483953] pci 0000:00:0d.0: reg 0x20: [io  0xd260-0xd26f]
May 27 15:30:48 Ubuntu rsyslogd: rsyslogd's userid changed to 104
May 27 15:30:48 Ubuntu kernel: [    0.484142] pci 0000:00:0d.0: reg 0x24: [mem 0xf0806000-0xf0807fff]
May 27 15:30:48 Ubuntu kernel: [    0.581980] ACPI: PCI: Interrupt link LNKA configured for IRQ 11
May 27 15:30:48 Ubuntu kernel: [    0.582581] ACPI: PCI: Interrupt link LNKB configured for IRQ 10
May 27 15:30:48 Ubuntu kernel: [    0.582802] ACPI: PCI: Interrupt link LNKC configured for IRQ 9
May 27 15:30:48 Ubuntu kernel: [    0.583024] ACPI: PCI: Interrupt link LNKD configured for IRQ 11
May 27 15:30:48 Ubuntu kernel: [    0.584051] iommu: Default domain type: Translated 
May 27 15:30:48 Ubuntu rsyslogd: [origin software="rsyslogd" swVersion="8.2112.0" x-pid="599" x-info="https://www.rsyslog.com"] start
May 27 15:30:48 Ubuntu kernel: [    0.584051] iommu: DMA domain TLB invalidation policy: lazy mode 
May 27 15:30:48 Ubuntu kernel: [    0.584319] SCSI subsystem initialized
May 27 15:30:48 Ubuntu kernel: [    0.584469] libata version 3.00 loaded.
May 27 15:30:48 Ubuntu kernel: [    0.584469] ACPI: bus type USB registered
May 27 15:30:48 Ubuntu kernel: [    0.584469] usbcore: registered new interface driver usbfs
May 27 15:30:48 Ubuntu kernel: [    0.584469] usbcore: registered new interface driver hub
May 27 15:30:48 Ubuntu kernel: [    0.584469] usbcore: registered new device driver usb
May 27 15:30:48 Ubuntu kernel: [    0.584469] pps_core: LinuxPPS API ver. 1 registered
May 27 15:30:48 Ubuntu kernel: [    0.584469] pps_core: Software ver. 5.3.6 - Copyright 2005-2007 Rodolfo Giometti <giometti@linux.it>
May 27 15:30:48 Ubuntu kernel: [    0.584469] PTP clock support registered
May 27 15:30:48 Ubuntu kernel: [    0.584469] EDAC MC: Ver: 3.0.0
May 27 15:30:48 Ubuntu kernel: [    0.588262] NetLabel: Initializing
May 27 15:30:48 Ubuntu kernel: [    0.588262] NetLabel:  domain hash size = 128
May 27 15:30:48 Ubuntu kernel: [    0.588262] NetLabel:  protocols = UNLABELED CIPSOv4 CALIPSO
May 27 15:30:48 Ubuntu kernel: [    0.588262] NetLabel:  unlabeled traffic allowed by default
May 27 15:30:48 Ubuntu kernel: [    0.588303] mctp: management component transport protocol core
May 27 15:30:48 Ubuntu kernel: [    0.588303] NET: Registered PF_MCTP protocol family
May 27 15:30:48 Ubuntu kernel: [    0.588303] PCI: Using ACPI for IRQ routing
May 27 15:30:48 Ubuntu kernel: [    0.588303] PCI: pci_cache_line_size set to 64 bytes
May 27 15:30:48 Ubuntu kernel: [    0.588622] e820: reserve RAM buffer [mem 0x0009fc00-0x0009ffff]
May 27 15:30:48 Ubuntu kernel: [    0.588625] e820: reserve RAM buffer [mem 0xdfff0000-0xdfffffff]
May 27 15:30:48 Ubuntu kernel: [    0.588626] e820: reserve RAM buffer [mem 0x11a000000-0x11bffffff]
May 27 15:30:48 Ubuntu kernel: [    0.592011] pci 0000:00:02.0: vgaarb: setting as boot VGA device
May 27 15:30:48 Ubuntu kernel: [    0.592013] pci 0000:00:02.0: vgaarb: bridge control possible
May 27 15:30:48 Ubuntu kernel: [    0.592014] pci 0000:00:02.0: vgaarb: VGA device added: decodes=io+mem,owns=io+mem,locks=none
May 27 15:30:48 Ubuntu kernel: [    0.592017] vgaarb: loaded
May 27 15:30:48 Ubuntu kernel: [    0.593040] clocksource: Switched to clocksource kvm-clock
May 27 15:30:48 Ubuntu kernel: [    0.593335] VFS: Disk quotas dquot_6.6.0
May 27 15:30:48 Ubuntu kernel: [    0.593348] VFS: Dquot-cache hash table entries: 512 (order 0, 4096 bytes)
May 27 15:30:48 Ubuntu kernel: [    0.593636] AppArmor: AppArmor Filesystem Enabled
May 27 15:30:48 Ubuntu kernel: [    0.593657] pnp: PnP ACPI init
May 27 15:30:48 Ubuntu kernel: [    0.595178] pnp: PnP ACPI: found 2 devices
May 27 15:30:48 Ubuntu kernel: [    0.633596] clocksource: acpi_pm: mask: 0xffffff max_cycles: 0xffffff, max_idle_ns: 2085701024 ns
May 27 15:30:48 Ubuntu kernel: [    0.633676] NET: Registered PF_INET protocol family
May 27 15:30:48 Ubuntu kernel: [    0.635588] IP idents hash table entries: 65536 (order: 7, 524288 bytes, linear)
May 27 15:30:48 Ubuntu kernel: [    0.643186] tcp_listen_portaddr_hash hash table entries: 2048 (order: 3, 32768 bytes, linear)
May 27 15:30:48 Ubuntu kernel: [    0.643794] Table-perturb hash table entries: 65536 (order: 6, 262144 bytes, linear)
May 27 15:30:48 Ubuntu kernel: [    0.644497] TCP established hash table entries: 32768 (order: 6, 262144 bytes, linear)
May 27 15:30:48 Ubuntu kernel: [    0.646516] TCP bind hash table entries: 32768 (order: 7, 524288 bytes, linear)
May 27 15:30:48 Ubuntu kernel: [    0.646554] TCP: Hash tables configured (established 32768 bind 32768)
May 27 15:30:48 Ubuntu kernel: [    0.647549] MPTCP token hash table entries: 4096 (order: 4, 98304 bytes, linear)
May 27 15:30:48 Ubuntu kernel: [    0.647784] UDP hash table entries: 2048 (order: 4, 65536 bytes, linear)
May 27 15:30:48 Ubuntu kernel: [    0.647942] UDP-Lite hash table entries: 2048 (order: 4, 65536 bytes, linear)
May 27 15:30:48 Ubuntu kernel: [    0.647982] NET: Registered PF_UNIX/PF_LOCAL protocol family
May 27 15:30:48 Ubuntu kernel: [    0.647989] NET: Registered PF_XDP protocol family
May 27 15:30:48 Ubuntu kernel: [    0.648003] pci_bus 0000:00: resource 4 [io  0x0000-0x0cf7 window]
May 27 15:30:48 Ubuntu kernel: [    0.648007] pci_bus 0000:00: resource 5 [io  0x0d00-0xffff window]
May 27 15:30:48 Ubuntu kernel: [    0.648009] pci_bus 0000:00: resource 6 [mem 0x000a0000-0x000bffff window]
May 27 15:30:48 Ubuntu kernel: [    0.648011] pci_bus 0000:00: resource 7 [mem 0xe0000000-0xfdffffff window]
May 27 15:30:48 Ubuntu kernel: [    0.648092] pci 0000:00:00.0: Limiting direct PCI/PCI transfers
May 27 15:30:48 Ubuntu kernel: [    0.648129] pci 0000:00:01.0: Activating ISA DMA hang workarounds
May 27 15:30:48 Ubuntu kernel: [    0.659621] PCI: CLS 0 bytes, default 64
May 27 15:30:48 Ubuntu kernel: [    0.659712] PCI-DMA: Using software bounce buffering for IO (SWIOTLB)
May 27 15:30:48 Ubuntu kernel: [    0.659713] software IO TLB: mapped [mem 0x00000000dbff0000-0x00000000dfff0000] (64MB)
May 27 15:30:48 Ubuntu kernel: [    0.659824] platform rtc_cmos: registered platform RTC device (no PNP device found)
May 27 15:30:48 Ubuntu kernel: [    0.659974] Trying to unpack rootfs image as initramfs...
May 27 15:30:48 Ubuntu kernel: [    0.661193] Initialise system trusted keyrings
May 27 15:30:48 Ubuntu kernel: [    0.661200] Key type blacklist registered
May 27 15:30:48 Ubuntu kernel: [    0.667793] workingset: timestamp_bits=36 max_order=20 bucket_order=0
May 27 15:30:48 Ubuntu kernel: [    0.670301] zbud: loaded
May 27 15:30:48 Ubuntu kernel: [    0.670799] squashfs: version 4.0 (2009/01/31) Phillip Lougher
May 27 15:30:48 Ubuntu kernel: [    1.402312] Freeing initrd memory: 69564K
May 27 15:30:48 Ubuntu kernel: [    1.404986] fuse: init (API version 7.36)
May 27 15:30:48 Ubuntu kernel: [    1.406447] integrity: Platform Keyring initialized
May 27 15:30:48 Ubuntu systemd[1]: Started System Logging Service.
May 27 15:30:48 Ubuntu kernel: [    1.406452] integrity: Machine keyring initialized
May 27 15:30:48 Ubuntu kernel: [    1.416053] Key type asymmetric registered
May 27 15:30:48 Ubuntu kernel: [    1.416058] Asymmetric key parser 'x509' registered
May 27 15:30:48 Ubuntu kernel: [    1.427017] alg: self-tests for CTR-KDF (hmac(sha256)) passed
May 27 15:30:48 Ubuntu kernel: [    1.427050] Block layer SCSI generic (bsg) driver version 0.4 loaded (major 243)
May 27 15:30:48 Ubuntu kernel: [    1.427574] io scheduler mq-deadline registered
May 27 15:30:48 Ubuntu kernel: [    1.432072] shpchp: Standard Hot Plug PCI Controller Driver version: 0.4
May 27 15:30:48 Ubuntu kernel: [    1.432357] ACPI: AC: AC Adapter [AC] (on-line)
May 27 15:30:48 Ubuntu kernel: [    1.432443] input: Power Button as /devices/LNXSYSTM:00/LNXPWRBN:00/input/input0
May 27 15:30:48 Ubuntu kernel: [    1.432487] ACPI: button: Power Button [PWRF]
May 27 15:30:48 Ubuntu kernel: [    1.432587] input: Sleep Button as /devices/LNXSYSTM:00/LNXSLPBN:00/input/input1
May 27 15:30:48 Ubuntu kernel: [    1.432619] ACPI: button: Sleep Button [SLPF]
May 27 15:30:48 Ubuntu kernel: [    1.433785] Serial: 8250/16550 driver, 32 ports, IRQ sharing enabled
May 27 15:30:48 Ubuntu kernel: [    1.434827] ACPI: battery: Slot [BAT0] (battery present)
May 27 15:30:48 Ubuntu kernel: [    1.436865] Linux agpgart interface v0.103
May 27 15:30:48 Ubuntu kernel: [    1.442636] loop: module loaded
May 27 15:30:48 Ubuntu kernel: [    1.442918] ata_piix 0000:00:01.1: version 2.13
May 27 15:30:48 Ubuntu kernel: [    1.446272] scsi host0: ata_piix
May 27 15:30:48 Ubuntu kernel: [    1.447539] scsi host1: ata_piix
May 27 15:30:48 Ubuntu kernel: [    1.447583] ata1: PATA max UDMA/33 cmd 0x1f0 ctl 0x3f6 bmdma 0xd000 irq 14
May 27 15:30:48 Ubuntu kernel: [    1.447585] ata2: PATA max UDMA/33 cmd 0x170 ctl 0x376 bmdma 0xd008 irq 15
May 27 15:30:48 Ubuntu kernel: [    1.447721] tun: Universal TUN/TAP device driver, 1.6
May 27 15:30:48 Ubuntu kernel: [    1.447750] PPP generic driver version 2.4.2
May 27 15:30:48 Ubuntu kernel: [    1.447824] VFIO - User Level meta-driver version: 0.3
May 27 15:30:48 Ubuntu kernel: [    1.447904] ehci_hcd: USB 2.0 'Enhanced' Host Controller (EHCI) Driver
May 27 15:30:48 Ubuntu kernel: [    1.447907] ehci-pci: EHCI PCI platform driver
May 27 15:30:48 Ubuntu kernel: [    1.449103] ehci-pci 0000:00:0b.0: EHCI Host Controller
May 27 15:30:48 Ubuntu kernel: [    1.449285] ehci-pci 0000:00:0b.0: new USB bus registered, assigned bus number 1
May 27 15:30:48 Ubuntu kernel: [    1.450541] ehci-pci 0000:00:0b.0: irq 19, io mem 0xf0805000
May 27 15:30:48 Ubuntu kernel: [    1.464442] ehci-pci 0000:00:0b.0: USB 2.0 started, EHCI 1.00
May 27 15:30:48 Ubuntu kernel: [    1.464637] usb usb1: New USB device found, idVendor=1d6b, idProduct=0002, bcdDevice= 5.19
May 27 15:30:48 Ubuntu kernel: [    1.464641] usb usb1: New USB device strings: Mfr=3, Product=2, SerialNumber=1
May 27 15:30:48 Ubuntu kernel: [    1.464643] usb usb1: Product: EHCI Host Controller
May 27 15:30:48 Ubuntu kernel: [    1.464645] usb usb1: Manufacturer: Linux 5.19.0-42-generic ehci_hcd
May 27 15:30:48 Ubuntu kernel: [    1.464647] usb usb1: SerialNumber: 0000:00:0b.0
May 27 15:30:48 Ubuntu kernel: [    1.464765] hub 1-0:1.0: USB hub found
May 27 15:30:48 Ubuntu kernel: [    1.464772] hub 1-0:1.0: 12 ports detected
May 27 15:30:48 Ubuntu kernel: [    1.465648] ehci-platform: EHCI generic platform driver
May 27 15:30:48 Ubuntu kernel: [    1.465662] ohci_hcd: USB 1.1 'Open' Host Controller (OHCI) Driver
May 27 15:30:48 Ubuntu kernel: [    1.465667] ohci-pci: OHCI PCI platform driver
May 27 15:30:48 Ubuntu kernel: [    1.467279] ohci-pci 0000:00:06.0: OHCI PCI host controller
May 27 15:30:48 Ubuntu kernel: [    1.467307] ohci-pci 0000:00:06.0: new USB bus registered, assigned bus number 2
May 27 15:30:48 Ubuntu kernel: [    1.467918] ohci-pci 0000:00:06.0: irq 22, io mem 0xf0804000
May 27 15:30:48 Ubuntu kernel: [    1.530522] usb usb2: New USB device found, idVendor=1d6b, idProduct=0001, bcdDevice= 5.19
May 27 15:30:48 Ubuntu kernel: [    1.530527] usb usb2: New USB device strings: Mfr=3, Product=2, SerialNumber=1
May 27 15:30:48 Ubuntu kernel: [    1.530529] usb usb2: Product: OHCI PCI host controller
May 27 15:30:48 Ubuntu kernel: [    1.530530] usb usb2: Manufacturer: Linux 5.19.0-42-generic ohci_hcd
May 27 15:30:48 Ubuntu kernel: [    1.530532] usb usb2: SerialNumber: 0000:00:06.0
May 27 15:30:48 Ubuntu kernel: [    1.530656] hub 2-0:1.0: USB hub found
May 27 15:30:48 Ubuntu kernel: [    1.530730] hub 2-0:1.0: 12 ports detected
May 27 15:30:48 Ubuntu kernel: [    1.532632] ohci-platform: OHCI generic platform driver
May 27 15:30:48 Ubuntu kernel: [    1.532650] uhci_hcd: USB Universal Host Controller Interface driver
May 27 15:30:48 Ubuntu kernel: [    1.532752] i8042: PNP: PS/2 Controller [PNP0303:PS2K,PNP0f03:PS2M] at 0x60,0x64 irq 1,12
May 27 15:30:48 Ubuntu kernel: [    1.536064] serio: i8042 KBD port at 0x60,0x64 irq 1
May 27 15:30:48 Ubuntu kernel: [    1.536074] serio: i8042 AUX port at 0x60,0x64 irq 12
May 27 15:30:48 Ubuntu kernel: [    1.536657] mousedev: PS/2 mouse device common for all mice
May 27 15:30:48 Ubuntu kernel: [    1.548440] rtc_cmos rtc_cmos: registered as rtc0
May 27 15:30:48 Ubuntu kernel: [    1.549002] rtc_cmos rtc_cmos: setting system clock to 2023-05-27T20:30:33 UTC (1685219433)
May 27 15:30:48 Ubuntu kernel: [    1.549097] input: AT Translated Set 2 keyboard as /devices/platform/i8042/serio0/input/input2
May 27 15:30:48 Ubuntu kernel: [    1.549149] rtc_cmos rtc_cmos: alarms up to one day, 114 bytes nvram
May 27 15:30:48 Ubuntu kernel: [    1.549161] i2c_dev: i2c /dev entries driver
May 27 15:30:48 Ubuntu kernel: [    1.549187] device-mapper: core: CONFIG_IMA_DISABLE_HTABLE is disabled. Duplicate IMA measurements will not be recorded in the IMA log.
May 27 15:30:48 Ubuntu kernel: [    1.549218] device-mapper: uevent: version 1.0.3
May 27 15:30:48 Ubuntu kernel: [    1.549887] device-mapper: ioctl: 4.47.0-ioctl (2022-07-28) initialised: dm-devel@redhat.com
May 27 15:30:48 Ubuntu kernel: [    1.549909] platform eisa.0: Probing EISA bus 0
May 27 15:30:48 Ubuntu kernel: [    1.549911] platform eisa.0: EISA: Cannot allocate resource for mainboard
May 27 15:30:48 Ubuntu kernel: [    1.549913] platform eisa.0: Cannot allocate resource for EISA slot 1
May 27 15:30:48 Ubuntu kernel: [    1.549914] platform eisa.0: Cannot allocate resource for EISA slot 2
May 27 15:30:48 Ubuntu kernel: [    1.549915] platform eisa.0: Cannot allocate resource for EISA slot 3
May 27 15:30:48 Ubuntu kernel: [    1.549916] platform eisa.0: Cannot allocate resource for EISA slot 4
May 27 15:30:48 Ubuntu kernel: [    1.549916] platform eisa.0: Cannot allocate resource for EISA slot 5
May 27 15:30:48 Ubuntu kernel: [    1.549917] platform eisa.0: Cannot allocate resource for EISA slot 6
May 27 15:30:48 Ubuntu kernel: [    1.549918] platform eisa.0: Cannot allocate resource for EISA slot 7
May 27 15:30:48 Ubuntu kernel: [    1.549919] platform eisa.0: Cannot allocate resource for EISA slot 8
May 27 15:30:48 Ubuntu kernel: [    1.549920] platform eisa.0: EISA: Detected 0 cards
May 27 15:30:48 Ubuntu kernel: [    1.549922] intel_pstate: CPU model not supported
May 27 15:30:48 Ubuntu kernel: [    1.550377] ledtrig-cpu: registered to indicate activity on CPUs
May 27 15:30:48 Ubuntu kernel: [    1.550451] drop_monitor: Initializing network drop monitor service
May 27 15:30:48 Ubuntu kernel: [    1.566304] NET: Registered PF_INET6 protocol family
May 27 15:30:48 Ubuntu kernel: [    1.576849] Segment Routing with IPv6
May 27 15:30:48 Ubuntu kernel: [    1.576862] In-situ OAM (IOAM) with IPv6
May 27 15:30:48 Ubuntu kernel: [    1.576930] NET: Registered PF_PACKET protocol family
May 27 15:30:48 Ubuntu kernel: [    1.577438] Key type dns_resolver registered
May 27 15:30:48 Ubuntu kernel: [    1.586626] IPI shorthand broadcast: enabled
May 27 15:30:48 Ubuntu kernel: [    1.586650] sched_clock: Marking stable (1522870097, 63676782)->(1614752515, -28205636)
May 27 15:30:48 Ubuntu kernel: [    1.587852] registered taskstats version 1
May 27 15:30:48 Ubuntu kernel: [    1.588456] Loading compiled-in X.509 certificates
May 27 15:30:48 Ubuntu kernel: [    1.590788] Loaded X.509 cert 'Build time autogenerated kernel key: 52748866731fa715ac49726ff508222cdb8db481'
May 27 15:30:48 Ubuntu kernel: [    1.591422] Loaded X.509 cert 'Canonical Ltd. Live Patch Signing: 14df34d1a87cf37625abec039ef2bf521249b969'
May 27 15:30:48 Ubuntu kernel: [    1.592114] Loaded X.509 cert 'Canonical Ltd. Kernel Module Signing: 88f752e560a1e0737e31163a466ad7b70a850c19'
May 27 15:30:48 Ubuntu kernel: [    1.592117] blacklist: Loading compiled-in revocation X.509 certificates
May 27 15:30:48 Ubuntu kernel: [    1.592141] Loaded X.509 cert 'Canonical Ltd. Secure Boot Signing: 61482aa2830d0ab2ad5af10b7250da9033ddcef0'
May 27 15:30:48 Ubuntu kernel: [    1.592160] Loaded X.509 cert 'Canonical Ltd. Secure Boot Signing (2017): 242ade75ac4a15e50d50c84b0d45ff3eae707a03'
May 27 15:30:48 Ubuntu kernel: [    1.592179] Loaded X.509 cert 'Canonical Ltd. Secure Boot Signing (ESM 2018): 365188c1d374d6b07c3c8f240f8ef722433d6a8b'
May 27 15:30:48 Ubuntu kernel: [    1.592197] Loaded X.509 cert 'Canonical Ltd. Secure Boot Signing (2019): c0746fd6c5da3ae827864651ad66ae47fe24b3e8'
May 27 15:30:48 Ubuntu kernel: [    1.592217] Loaded X.509 cert 'Canonical Ltd. Secure Boot Signing (2021 v1): a8d54bbb3825cfb94fa13c9f8a594a195c107b8d'
May 27 15:30:48 Ubuntu kernel: [    1.592238] Loaded X.509 cert 'Canonical Ltd. Secure Boot Signing (2021 v2): 4cf046892d6fd3c9a5b03f98d845f90851dc6a8c'
May 27 15:30:48 Ubuntu kernel: [    1.592256] Loaded X.509 cert 'Canonical Ltd. Secure Boot Signing (2021 v3): 100437bb6de6e469b581e61cd66bce3ef4ed53af'
May 27 15:30:48 Ubuntu kernel: [    1.592275] Loaded X.509 cert 'Canonical Ltd. Secure Boot Signing (Ubuntu Core 2019): c1d57b8f6b743f23ee41f4f7ee292f06eecadfb9'
May 27 15:30:48 Ubuntu kernel: [    1.593033] zswap: loaded using pool lzo/zbud
May 27 15:30:48 Ubuntu kernel: [    1.594729] Key type .fscrypt registered
May 27 15:30:48 Ubuntu kernel: [    1.594731] Key type fscrypt-provisioning registered
May 27 15:30:48 Ubuntu kernel: [    1.606238] Key type encrypted registered
May 27 15:30:48 Ubuntu kernel: [    1.606244] AppArmor: AppArmor sha1 policy hashing enabled
May 27 15:30:48 Ubuntu kernel: [    1.606253] ima: No TPM chip found, activating TPM-bypass!
May 27 15:30:48 Ubuntu kernel: [    1.606257] Loading compiled-in module X.509 certificates
May 27 15:30:48 Ubuntu kernel: [    1.606730] Loaded X.509 cert 'Build time autogenerated kernel key: 52748866731fa715ac49726ff508222cdb8db481'
May 27 15:30:48 Ubuntu kernel: [    1.606732] ima: Allocated hash algorithm: sha1
May 27 15:30:48 Ubuntu kernel: [    1.606740] ima: No architecture policies found
May 27 15:30:48 Ubuntu kernel: [    1.606791] evm: Initialising EVM extended attributes:
May 27 15:30:48 Ubuntu kernel: [    1.606792] evm: security.selinux
May 27 15:30:48 Ubuntu kernel: [    1.606794] evm: security.SMACK64
May 27 15:30:48 Ubuntu kernel: [    1.606794] evm: security.SMACK64EXEC
May 27 15:30:48 Ubuntu kernel: [    1.606796] evm: security.SMACK64TRANSMUTE
May 27 15:30:48 Ubuntu kernel: [    1.606796] evm: security.SMACK64MMAP
May 27 15:30:48 Ubuntu kernel: [    1.606797] evm: security.apparmor
May 27 15:30:48 Ubuntu kernel: [    1.606798] evm: security.ima
May 27 15:30:48 Ubuntu kernel: [    1.606799] evm: security.capability
May 27 15:30:48 Ubuntu kernel: [    1.606800] evm: HMAC attrs: 0x1
May 27 15:30:48 Ubuntu kernel: [    1.642213] ata2.00: ATAPI: VBOX CD-ROM, 1.0, max UDMA/133
May 27 15:30:48 Ubuntu kernel: [    1.645158] PM:   Magic number: 7:623:549
May 27 15:30:48 Ubuntu kernel: [    1.645180] tty ttyS25: hash matches
May 27 15:30:48 Ubuntu kernel: [    1.645189] clockevents clockevent0: hash matches
May 27 15:30:48 Ubuntu kernel: [    1.645207] acpi PNP0C0F:00: hash matches
May 27 15:30:48 Ubuntu kernel: [    1.646843] RAS: Correctable Errors collector initialized.
May 27 15:30:48 Ubuntu kernel: [    1.648841] scsi 1:0:0:0: CD-ROM            VBOX     CD-ROM           1.0  PQ: 0 ANSI: 5
May 27 15:30:48 Ubuntu kernel: [    1.681570] sr 1:0:0:0: [sr0] scsi3-mmc drive: 32x/32x xa/form2 tray
May 27 15:30:48 Ubuntu kernel: [    1.681576] cdrom: Uniform CD-ROM driver Revision: 3.20
May 27 15:30:48 Ubuntu kernel: [    1.714052] sr 1:0:0:0: Attached scsi CD-ROM sr0
May 27 15:30:48 Ubuntu kernel: [    1.714648] sr 1:0:0:0: Attached scsi generic sg0 type 5
May 27 15:30:48 Ubuntu kernel: [    1.718391] Freeing unused decrypted memory: 2036K
May 27 15:30:48 Ubuntu kernel: [    1.719153] Freeing unused kernel image (initmem) memory: 3164K
May 27 15:30:48 Ubuntu kernel: [    1.737205] Write protecting the kernel read-only data: 32768k
May 27 15:30:48 Ubuntu kernel: [    1.738712] Freeing unused kernel image (text/rodata gap) memory: 2036K
May 27 15:30:48 Ubuntu kernel: [    1.739269] Freeing unused kernel image (rodata/data gap) memory: 984K
May 27 15:30:48 Ubuntu kernel: [    1.753870] x86/mm: Checked W+X mappings: passed, no W+X pages found.
May 27 15:30:48 Ubuntu kernel: [    1.753879] Run /init as init process
May 27 15:30:48 Ubuntu kernel: [    1.753881]   with arguments:
May 27 15:30:48 Ubuntu kernel: [    1.753882]     /init
May 27 15:30:48 Ubuntu kernel: [    1.753883]     splash
May 27 15:30:48 Ubuntu kernel: [    1.753884]   with environment:
May 27 15:30:48 Ubuntu kernel: [    1.753884]     HOME=/
May 27 15:30:48 Ubuntu kernel: [    1.753885]     TERM=linux
May 27 15:30:48 Ubuntu kernel: [    1.753885]     BOOT_IMAGE=/boot/vmlinuz-5.19.0-42-generic
May 27 15:30:48 Ubuntu kernel: [    1.866624] ACPI: video: Video Device [GFX0] (multi-head: yes  rom: no  post: no)
May 27 15:30:48 Ubuntu kernel: [    1.866707] input: Video Bus as /devices/LNXSYSTM:00/LNXSYBUS:00/PNP0A03:00/LNXVIDEO:00/input/input4
May 27 15:30:48 Ubuntu kernel: [    1.876296] usb 2-1: new full-speed USB device number 2 using ohci-pci
May 27 15:30:48 Ubuntu kernel: [    1.886853] piix4_smbus 0000:00:07.0: SMBus Host Controller at 0x4100, revision 0
May 27 15:30:48 Ubuntu kernel: [    1.891218] e1000: Intel(R) PRO/1000 Network Driver
May 27 15:30:48 Ubuntu kernel: [    1.891221] e1000: Copyright (c) 1999-2006 Intel Corporation.
May 27 15:30:48 Ubuntu kernel: [    1.894927] ahci 0000:00:0d.0: version 3.0
May 27 15:30:48 Ubuntu kernel: [    1.899712] ahci 0000:00:0d.0: SSS flag set, parallel bus scan disabled
May 27 15:30:48 Ubuntu kernel: [    1.900482] ahci 0000:00:0d.0: AHCI 0001.0100 32 slots 1 ports 3 Gbps 0x1 impl SATA mode
May 27 15:30:48 Ubuntu kernel: [    1.900487] ahci 0000:00:0d.0: flags: 64bit ncq stag only ccc 
May 27 15:30:48 Ubuntu kernel: [    1.919137] scsi host2: ahci
May 27 15:30:48 Ubuntu kernel: [    1.919238] ata3: SATA max UDMA/133 abar m8192@0xf0806000 port 0xf0806100 irq 21
May 27 15:30:48 Ubuntu kernel: [    2.234709] usb 2-1: New USB device found, idVendor=80ee, idProduct=0021, bcdDevice= 1.00
May 27 15:30:48 Ubuntu kernel: [    2.234716] usb 2-1: New USB device strings: Mfr=1, Product=3, SerialNumber=0
May 27 15:30:48 Ubuntu kernel: [    2.234718] usb 2-1: Product: USB Tablet
May 27 15:30:48 Ubuntu kernel: [    2.234720] usb 2-1: Manufacturer: VirtualBox
May 27 15:30:48 Ubuntu kernel: [    2.236258] ata3: SATA link up 3.0 Gbps (SStatus 123 SControl 300)
May 27 15:30:48 Ubuntu kernel: [    2.236694] ata3.00: ATA-6: VBOX HARDDISK, 1.0, max UDMA/133
May 27 15:30:48 Ubuntu kernel: [    2.236698] ata3.00: 52428800 sectors, multi 128: LBA48 NCQ (depth 32)
May 27 15:30:48 Ubuntu kernel: [    2.237225] ata3.00: configured for UDMA/133
May 27 15:30:48 Ubuntu kernel: [    2.237887] scsi 2:0:0:0: Direct-Access     ATA      VBOX HARDDISK    1.0  PQ: 0 ANSI: 5
May 27 15:30:48 Ubuntu kernel: [    2.238109] sd 2:0:0:0: [sda] 52428800 512-byte logical blocks: (26.8 GB/25.0 GiB)
May 27 15:30:48 Ubuntu kernel: [    2.238117] sd 2:0:0:0: [sda] Write Protect is off
May 27 15:30:48 Ubuntu kernel: [    2.238118] sd 2:0:0:0: [sda] Mode Sense: 00 3a 00 00
May 27 15:30:48 Ubuntu kernel: [    2.238128] sd 2:0:0:0: [sda] Write cache: enabled, read cache: enabled, doesn't support DPO or FUA
May 27 15:30:48 Ubuntu kernel: [    2.238141] sd 2:0:0:0: [sda] Preferred minimum I/O size 512 bytes
May 27 15:30:48 Ubuntu kernel: [    2.238546] sd 2:0:0:0: Attached scsi generic sg1 type 0
May 27 15:30:48 Ubuntu kernel: [    2.253384] hid: raw HID events driver (C) Jiri Kosina
May 27 15:30:48 Ubuntu kernel: [    2.255035]  sda: sda1 sda2 sda3
May 27 15:30:48 Ubuntu kernel: [    2.255292] sd 2:0:0:0: [sda] Attached SCSI disk
May 27 15:30:48 Ubuntu kernel: [    2.272725] usbcore: registered new interface driver usbhid
May 27 15:30:48 Ubuntu kernel: [    2.272729] usbhid: USB HID core driver
May 27 15:30:48 Ubuntu kernel: [    2.277681] input: VirtualBox USB Tablet as /devices/pci0000:00/0000:00:06.0/usb2/2-1/2-1:1.0/0003:80EE:0021.0001/input/input6
May 27 15:30:48 Ubuntu kernel: [    2.277904] hid-generic 0003:80EE:0021.0001: input,hidraw0: USB HID v1.10 Mouse [VirtualBox USB Tablet] on usb-0000:00:06.0-1/input0
May 27 15:30:48 Ubuntu kernel: [    2.476322] input: ImExPS/2 Generic Explorer Mouse as /devices/platform/i8042/serio1/input/input5
May 27 15:30:48 Ubuntu kernel: [    2.660916] e1000 0000:00:03.0 eth0: (PCI:33MHz:32-bit) 08:00:27:47:5d:31
May 27 15:30:48 Ubuntu kernel: [    2.660927] e1000 0000:00:03.0 eth0: Intel(R) PRO/1000 Network Connection
May 27 15:30:48 Ubuntu kernel: [    2.662487] e1000 0000:00:03.0 enp0s3: renamed from eth0
May 27 15:30:48 Ubuntu kernel: [    2.785456] EXT4-fs (sda3): mounted filesystem with ordered data mode. Quota mode: none.
May 27 15:30:48 Ubuntu kernel: [    2.983804] systemd[1]: Inserted module 'autofs4'
May 27 15:30:48 Ubuntu kernel: [    3.014575] systemd[1]: systemd 249.11-0ubuntu3.9 running in system mode (+PAM +AUDIT +SELINUX +APPARMOR +IMA +SMACK +SECCOMP +GCRYPT +GNUTLS +OPENSSL +ACL +BLKID +CURL +ELFUTILS +FIDO2 +IDN2 -IDN +IPTC +KMOD +LIBCRYPTSETUP +LIBFDISK +PCRE2 -PWQUALITY -P11KIT -QRENCODE +BZIP2 +LZ4 +XZ +ZLIB +ZSTD -XKBCOMMON +UTMP +SYSVINIT default-hierarchy=unified)
May 27 15:30:48 Ubuntu kernel: [    3.014598] systemd[1]: Detected virtualization oracle.
May 27 15:30:48 Ubuntu kernel: [    3.014601] systemd[1]: Detected architecture x86-64.
May 27 15:30:48 Ubuntu kernel: [    3.015814] systemd[1]: Hostname set to <Ubuntu>.
May 27 15:30:48 Ubuntu kernel: [    3.343803] systemd[1]: Queued start job for default target Graphical Interface.
May 27 15:30:48 Ubuntu kernel: [    3.346172] systemd[1]: Created slice Slice /system/modprobe.
May 27 15:30:48 Ubuntu kernel: [    3.346554] systemd[1]: Created slice Slice /system/systemd-fsck.
May 27 15:30:48 Ubuntu kernel: [    3.346743] systemd[1]: Created slice User and Session Slice.
May 27 15:30:48 Ubuntu kernel: [    3.346810] systemd[1]: Started Forward Password Requests to Wall Directory Watch.
May 27 15:30:48 Ubuntu kernel: [    3.347009] systemd[1]: Set up automount Arbitrary Executable File Formats File System Automount Point.
May 27 15:30:48 Ubuntu kernel: [    3.347069] systemd[1]: Reached target User and Group Name Lookups.
May 27 15:30:48 Ubuntu kernel: [    3.347085] systemd[1]: Reached target Remote File Systems.
May 27 15:30:48 Ubuntu kernel: [    3.347096] systemd[1]: Reached target Slice Units.
May 27 15:30:48 Ubuntu kernel: [    3.347111] systemd[1]: Reached target Mounting snaps.
May 27 15:30:48 Ubuntu kernel: [    3.347141] systemd[1]: Reached target Local Verity Protected Volumes.
May 27 15:30:48 Ubuntu kernel: [    3.347270] systemd[1]: Listening on Syslog Socket.
May 27 15:30:48 Ubuntu kernel: [    3.347355] systemd[1]: Listening on fsck to fsckd communication Socket.
May 27 15:30:48 Ubuntu kernel: [    3.347407] systemd[1]: Listening on initctl Compatibility Named Pipe.
May 27 15:30:48 Ubuntu kernel: [    3.347575] systemd[1]: Listening on Journal Audit Socket.
May 27 15:30:48 Ubuntu kernel: [    3.347652] systemd[1]: Listening on Journal Socket (/dev/log).
May 27 15:30:48 Ubuntu kernel: [    3.347744] systemd[1]: Listening on Journal Socket.
May 27 15:30:48 Ubuntu kernel: [    3.348040] systemd[1]: Listening on udev Control Socket.
May 27 15:30:48 Ubuntu kernel: [    3.348136] systemd[1]: Listening on udev Kernel Socket.
May 27 15:30:48 Ubuntu kernel: [    3.349066] systemd[1]: Mounting Huge Pages File System...
May 27 15:30:48 Ubuntu kernel: [    3.350305] systemd[1]: Mounting POSIX Message Queue File System...
May 27 15:30:48 Ubuntu kernel: [    3.351425] systemd[1]: Mounting Kernel Debug File System...
May 27 15:30:48 Ubuntu kernel: [    3.352589] systemd[1]: Mounting Kernel Trace File System...
May 27 15:30:48 Ubuntu kernel: [    3.355626] systemd[1]: Starting Journal Service...
May 27 15:30:48 Ubuntu kernel: [    3.357537] systemd[1]: Starting Set the console keyboard layout...
May 27 15:30:48 Ubuntu kernel: [    3.359297] systemd[1]: Starting Create List of Static Device Nodes...
May 27 15:30:48 Ubuntu kernel: [    3.364278] systemd[1]: Starting Load Kernel Module chromeos_pstore...
May 27 15:30:48 Ubuntu kernel: [    3.365257] systemd[1]: Starting Load Kernel Module configfs...
May 27 15:30:48 Ubuntu kernel: [    3.366908] systemd[1]: Starting Load Kernel Module drm...
May 27 15:30:48 Ubuntu kernel: [    3.368580] systemd[1]: Starting Load Kernel Module efi_pstore...
May 27 15:30:48 Ubuntu kernel: [    3.377963] systemd[1]: Starting Load Kernel Module fuse...
May 27 15:30:48 Ubuntu kernel: [    3.403015] systemd[1]: Starting Load Kernel Module pstore_blk...
May 27 15:30:48 Ubuntu kernel: [    3.417282] systemd[1]: Starting Load Kernel Module pstore_zone...
May 27 15:30:48 Ubuntu kernel: [    3.418372] systemd[1]: Starting Load Kernel Module ramoops...
May 27 15:30:48 Ubuntu kernel: [    3.418780] systemd[1]: Condition check resulted in File System Check on Root Device being skipped.
May 27 15:30:48 Ubuntu kernel: [    3.430563] systemd[1]: Starting Load Kernel Modules...
May 27 15:30:48 Ubuntu kernel: [    3.438324] systemd[1]: Starting Remount Root and Kernel File Systems...
May 27 15:30:48 Ubuntu kernel: [    3.444967] systemd[1]: Starting Coldplug All udev Devices...
May 27 15:30:48 Ubuntu NetworkManager[588]: <info>  [1685219448.8072] NetworkManager (version 1.36.6) is starting... (for the first time)
May 27 15:30:48 Ubuntu NetworkManager[588]: <info>  [1685219448.8087] Read config: /etc/NetworkManager/NetworkManager.conf (lib: 10-dns-resolved.conf, 20-connectivity-ubuntu.conf, no-mac-addr-change.conf) (run: 10-globally-managed-devices.conf) (etc: default-wifi-powersave-on.conf)
May 27 15:30:48 Ubuntu kernel: [    3.458425] systemd[1]: Mounted Huge Pages File System.
May 27 15:30:48 Ubuntu kernel: [    3.458500] systemd[1]: Mounted POSIX Message Queue File System.
May 27 15:30:48 Ubuntu kernel: [    3.458546] systemd[1]: Mounted Kernel Debug File System.
May 27 15:30:48 Ubuntu kernel: [    3.458589] systemd[1]: Mounted Kernel Trace File System.
May 27 15:30:48 Ubuntu kernel: [    3.459021] systemd[1]: Finished Create List of Static Device Nodes.
May 27 15:30:48 Ubuntu kernel: [    3.459417] systemd[1]: modprobe@configfs.service: Deactivated successfully.
May 27 15:30:48 Ubuntu kernel: [    3.463025] systemd[1]: Finished Load Kernel Module configfs.
May 27 15:30:48 Ubuntu kernel: [    3.463276] systemd[1]: modprobe@fuse.service: Deactivated successfully.
May 27 15:30:48 Ubuntu kernel: [    3.463842] systemd[1]: Finished Load Kernel Module fuse.
May 27 15:30:48 Ubuntu kernel: [    3.466076] systemd[1]: Mounting FUSE Control File System...
May 27 15:30:48 Ubuntu kernel: [    3.479702] systemd[1]: Mounting Kernel Configuration File System...
May 27 15:30:48 Ubuntu kernel: [    3.484803] ACPI: bus type drm_connector registered
May 27 15:30:48 Ubuntu kernel: [    3.486469] systemd[1]: modprobe@chromeos_pstore.service: Deactivated successfully.
May 27 15:30:48 Ubuntu kernel: [    3.489715] systemd[1]: Finished Load Kernel Module chromeos_pstore.
May 27 15:30:48 Ubuntu kernel: [    3.491299] systemd[1]: modprobe@drm.service: Deactivated successfully.
May 27 15:30:48 Ubuntu kernel: [    3.491739] systemd[1]: Finished Load Kernel Module drm.
May 27 15:30:48 Ubuntu kernel: [    3.491975] systemd[1]: modprobe@efi_pstore.service: Deactivated successfully.
May 27 15:30:48 Ubuntu kernel: [    3.492531] EXT4-fs (sda3): re-mounted. Quota mode: none.
May 27 15:30:48 Ubuntu kernel: [    3.502508] systemd[1]: Finished Load Kernel Module efi_pstore.
May 27 15:30:48 Ubuntu kernel: [    3.520687] systemd[1]: modprobe@pstore_blk.service: Deactivated successfully.
May 27 15:30:48 Ubuntu kernel: [    3.522634] systemd[1]: Finished Load Kernel Module pstore_blk.
May 27 15:30:48 Ubuntu kernel: [    3.523390] systemd[1]: modprobe@pstore_zone.service: Deactivated successfully.
May 27 15:30:48 Ubuntu kernel: [    3.523616] systemd[1]: Finished Load Kernel Module pstore_zone.
May 27 15:30:48 Ubuntu kernel: [    3.523826] systemd[1]: modprobe@ramoops.service: Deactivated successfully.
May 27 15:30:48 Ubuntu kernel: [    3.524026] systemd[1]: Finished Load Kernel Module ramoops.
May 27 15:30:48 Ubuntu kernel: [    3.524305] systemd[1]: Finished Remount Root and Kernel File Systems.
May 27 15:30:48 Ubuntu kernel: [    3.525111] systemd[1]: Mounted FUSE Control File System.
May 27 15:30:48 Ubuntu kernel: [    3.525218] systemd[1]: Mounted Kernel Configuration File System.
May 27 15:30:48 Ubuntu kernel: [    3.526121] systemd[1]: Activating swap /swapfile...
May 27 15:30:48 Ubuntu kernel: [    3.526172] systemd[1]: Condition check resulted in VMware vmblock fuse mount being skipped.
May 27 15:30:48 Ubuntu kernel: [    3.526272] systemd[1]: Condition check resulted in Platform Persistent Storage Archival being skipped.
May 27 15:30:48 Ubuntu kernel: [    3.540909] systemd[1]: Starting Load/Save Random Seed...
May 27 15:30:48 Ubuntu kernel: [    3.542099] lp: driver loaded but no devices found
May 27 15:30:48 Ubuntu kernel: [    3.546308] systemd[1]: Starting Create System Users...
May 27 15:30:48 Ubuntu kernel: [    3.546958] systemd[1]: Started Journal Service.
May 27 15:30:48 Ubuntu kernel: [    3.552705] Adding 2744316k swap on /swapfile.  Priority:-2 extents:6 across:2908156k FS
May 27 15:30:48 Ubuntu kernel: [    3.564376] ppdev: user-space parallel port driver
May 27 15:30:48 Ubuntu kernel: [    3.614607] systemd-journald[238]: Received client request to flush runtime journal.
May 27 15:30:48 Ubuntu kernel: [    3.684501] loop0: detected capacity change from 0 to 8
May 27 15:30:48 Ubuntu kernel: [    3.687754] loop1: detected capacity change from 0 to 129600
May 27 15:30:48 Ubuntu kernel: [    3.707699] loop2: detected capacity change from 0 to 492776
May 27 15:30:48 Ubuntu kernel: [    3.711834] loop3: detected capacity change from 0 to 709280
May 27 15:30:48 Ubuntu kernel: [    3.724945] vmwgfx 0000:00:02.0: vgaarb: deactivate vga console
May 27 15:30:48 Ubuntu kernel: [    3.725623] Console: switching to colour dummy device 80x25
May 27 15:30:48 Ubuntu kernel: [    3.727741] vmwgfx 0000:00:02.0: [drm] FIFO at 0x00000000f0000000 size is 2048 kiB
May 27 15:30:48 Ubuntu kernel: [    3.727762] vmwgfx 0000:00:02.0: [drm] VRAM at 0x00000000e0000000 size is 16384 kiB
May 27 15:30:48 Ubuntu kernel: [    3.727851] vmwgfx 0000:00:02.0: [drm] Running on SVGA version 2.
May 27 15:30:48 Ubuntu kernel: [    3.727891] vmwgfx 0000:00:02.0: [drm] Capabilities: rect copy, cursor, cursor bypass, cursor bypass 2, alpha cursor, extended fifo, pitchlock, irq mask, gmr, traces, gmr2, screen object 2, command buffers, 
May 27 15:30:48 Ubuntu kernel: [    3.727893] vmwgfx 0000:00:02.0: [drm] DMA map mode: Caching DMA mappings.
May 27 15:30:48 Ubuntu kernel: [    3.728462] vmwgfx 0000:00:02.0: [drm] Legacy memory limits: VRAM = 16384 kB, FIFO = 2048 kB, surface = 507904 kB
May 27 15:30:48 Ubuntu kernel: [    3.728467] vmwgfx 0000:00:02.0: [drm] MOB limits: max mob size = 0 kB, max mob pages = 0
May 27 15:30:48 Ubuntu kernel: [    3.728470] vmwgfx 0000:00:02.0: [drm] Max GMR ids is 8192
May 27 15:30:48 Ubuntu kernel: [    3.728472] vmwgfx 0000:00:02.0: [drm] Max number of GMR pages is 1048576
May 27 15:30:48 Ubuntu kernel: [    3.728473] vmwgfx 0000:00:02.0: [drm] Maximum display memory size is 16384 kiB
May 27 15:30:48 Ubuntu kernel: [    3.733717] loop4: detected capacity change from 0 to 94064
May 27 15:30:48 Ubuntu kernel: [    3.739556] loop5: detected capacity change from 0 to 102072
May 27 15:30:48 Ubuntu kernel: [    3.740790] vmwgfx 0000:00:02.0: [drm] Screen Object display unit initialized
May 27 15:30:48 Ubuntu kernel: [    3.741371] vmwgfx 0000:00:02.0: [drm] Fifo max 0x00200000 min 0x00001000 cap 0x00000355
May 27 15:30:48 Ubuntu kernel: [    3.741595] vmwgfx 0000:00:02.0: [drm] Using command buffers with DMA pool.
May 27 15:30:48 Ubuntu kernel: [    3.741609] vmwgfx 0000:00:02.0: [drm] Available shader model: Legacy.
May 27 15:30:48 Ubuntu kernel: [    3.741640] [drm:vmw_host_printf [vmwgfx]] *ERROR* Failed to send host log message.
May 27 15:30:48 Ubuntu kernel: [    3.743407] fbcon: svgadrmfb (fb0) is primary device
May 27 15:30:48 Ubuntu kernel: [    3.754992] loop6: detected capacity change from 0 to 187776
May 27 15:30:48 Ubuntu kernel: [    3.760822] loop7: detected capacity change from 0 to 608
May 27 15:30:48 Ubuntu kernel: [    3.769589] Console: switching to colour frame buffer device 100x37
May 27 15:30:48 Ubuntu kernel: [    3.772777] [drm] Initialized vmwgfx 2.20.0 20211206 for 0000:00:02.0 on minor 0
May 27 15:30:48 Ubuntu kernel: [    4.057114] vboxguest: host-version: 7.0.8r156879 0x8000000f
May 27 15:30:48 Ubuntu kernel: [    4.063707] vbg_heartbeat_init: Setting up heartbeat to trigger every 2000 milliseconds
May 27 15:30:48 Ubuntu kernel: [    4.084925] input: VirtualBox mouse integration as /devices/pci0000:00/0000:00:04.0/input/input7
May 27 15:30:48 Ubuntu kernel: [    4.087826] vboxguest: misc device minor 123, IRQ 20, I/O port d040, MMIO at 0x00000000f0400000 (size 0x0000000000400000)
May 27 15:30:48 Ubuntu kernel: [    4.228614] RAPL PMU: API unit is 2^-32 Joules, 0 fixed counters, 10737418240 ms ovfl timer
May 27 15:30:48 Ubuntu kernel: [    4.243329] cryptd: max_cpu_qlen set to 1000
May 27 15:30:48 Ubuntu kernel: [    4.327359] SSE version of gcm_enc/dec engaged.
May 27 15:30:48 Ubuntu kernel: [    4.530726] intel_rapl_msr: PL4 support detected.
May 27 15:30:48 Ubuntu kernel: [    5.102667] audit: type=1400 audit(1685219437.048:2): apparmor="STATUS" operation="profile_load" profile="unconfined" name="lsb_release" pid=443 comm="apparmor_parser"
May 27 15:30:48 Ubuntu kernel: [    5.115918] audit: type=1400 audit(1685219437.060:3): apparmor="STATUS" operation="profile_load" profile="unconfined" name="nvidia_modprobe" pid=444 comm="apparmor_parser"
May 27 15:30:48 Ubuntu kernel: [    5.116797] audit: type=1400 audit(1685219437.064:4): apparmor="STATUS" operation="profile_load" profile="unconfined" name="nvidia_modprobe//kmod" pid=444 comm="apparmor_parser"
May 27 15:30:48 Ubuntu kernel: [    5.117274] snd_intel8x0 0000:00:05.0: allow list rate for 1028:0177 is 48000
May 27 15:30:48 Ubuntu kernel: [    5.497703] audit: type=1400 audit(1685219437.448:5): apparmor="STATUS" operation="profile_load" profile="unconfined" name="/usr/lib/NetworkManager/nm-dhcp-client.action" pid=473 comm="apparmor_parser"
May 27 15:30:48 Ubuntu kernel: [    5.498827] audit: type=1400 audit(1685219437.448:6): apparmor="STATUS" operation="profile_load" profile="unconfined" name="/usr/lib/NetworkManager/nm-dhcp-helper" pid=473 comm="apparmor_parser"
May 27 15:30:48 Ubuntu kernel: [    5.499907] audit: type=1400 audit(1685219437.448:7): apparmor="STATUS" operation="profile_load" profile="unconfined" name="/usr/lib/connman/scripts/dhclient-script" pid=473 comm="apparmor_parser"
May 27 15:30:48 Ubuntu kernel: [    5.501942] audit: type=1400 audit(1685219437.448:8): apparmor="STATUS" operation="profile_load" profile="unconfined" name="/{,usr/}sbin/dhclient" pid=473 comm="apparmor_parser"
May 27 15:30:48 Ubuntu kernel: [    5.600263] audit: type=1400 audit(1685219437.548:9): apparmor="STATUS" operation="profile_load" profile="unconfined" name="/usr/bin/man" pid=537 comm="apparmor_parser"
May 27 15:30:48 Ubuntu kernel: [    5.601098] audit: type=1400 audit(1685219437.548:10): apparmor="STATUS" operation="profile_load" profile="unconfined" name="man_filter" pid=537 comm="apparmor_parser"
May 27 15:30:48 Ubuntu kernel: [    5.602039] audit: type=1400 audit(1685219437.548:11): apparmor="STATUS" operation="profile_load" profile="unconfined" name="man_groff" pid=537 comm="apparmor_parser"
May 27 15:30:48 Ubuntu kernel: [    5.725816] audit: type=1400 audit(1685219437.676:12): apparmor="STATUS" operation="profile_load" profile="unconfined" name="tcpdump" pid=538 comm="apparmor_parser"
May 27 15:30:48 Ubuntu kernel: [    5.777787] audit: type=1400 audit(1685219437.728:13): apparmor="STATUS" operation="profile_load" profile="unconfined" name="libreoffice-oosplash" pid=539 comm="apparmor_parser"
May 27 15:30:48 Ubuntu kernel: [    5.812704] audit: type=1400 audit(1685219437.760:14): apparmor="STATUS" operation="profile_load" profile="unconfined" name="libreoffice-senddoc" pid=540 comm="apparmor_parser"
May 27 15:30:48 Ubuntu kernel: [   12.026263] kauditd_printk_skb: 12 callbacks suppressed
May 27 15:30:48 Ubuntu kernel: [   12.026265] audit: type=1400 audit(1685219443.972:27): apparmor="STATUS" operation="profile_load" profile="unconfined" name="libreoffice-soffice" pid=541 comm="apparmor_parser"
May 27 15:30:48 Ubuntu kernel: [   12.027837] audit: type=1400 audit(1685219443.972:28): apparmor="STATUS" operation="profile_load" profile="unconfined" name="libreoffice-soffice//gpg" pid=541 comm="apparmor_parser"
May 27 15:30:48 Ubuntu kernel: [   12.564244] audit: type=1400 audit(1685219444.512:29): apparmor="STATUS" operation="profile_load" profile="unconfined" name="/snap/snapd/18357/usr/lib/snapd/snap-confine" pid=563 comm="apparmor_parser"
May 27 15:30:48 Ubuntu kernel: [   12.565001] audit: type=1400 audit(1685219444.512:30): apparmor="STATUS" operation="profile_load" profile="unconfined" name="/snap/snapd/18357/usr/lib/snapd/snap-confine//mount-namespace-capture-helper" pid=563 comm="apparmor_parser"
May 27 15:30:48 Ubuntu kernel: [   13.014418] audit: type=1400 audit(1685219444.628:31): apparmor="STATUS" operation="profile_load" profile="unconfined" name="snap-update-ns.firefox" pid=564 comm="apparmor_parser"
May 27 15:30:48 Ubuntu kernel: [   13.430916] audit: type=1400 audit(1685219445.380:32): apparmor="STATUS" operation="profile_load" profile="unconfined" name="snap-update-ns.snap-store" pid=565 comm="apparmor_parser"
May 27 15:30:48 Ubuntu kernel: [   13.614250] audit: type=1400 audit(1685219445.564:33): apparmor="STATUS" operation="profile_load" profile="unconfined" name="snap.firefox.firefox" pid=567 comm="apparmor_parser"
May 27 15:30:48 Ubuntu kernel: [   13.878391] audit: type=1400 audit(1685219445.824:34): apparmor="STATUS" operation="profile_load" profile="unconfined" name="snap.firefox.geckodriver" pid=568 comm="apparmor_parser"
May 27 15:30:48 Ubuntu kernel: [   14.099394] audit: type=1400 audit(1685219446.048:35): apparmor="STATUS" operation="profile_load" profile="unconfined" name="snap.firefox.hook.configure" pid=569 comm="apparmor_parser"
May 27 15:30:48 Ubuntu kernel: [   14.296747] audit: type=1400 audit(1685219446.244:36): apparmor="STATUS" operation="profile_load" profile="unconfined" name="snap.firefox.hook.connect-plug-host-hunspell" pid=570 comm="apparmor_parser"
May 27 15:30:48 Ubuntu avahi-daemon[584]: Successfully called chroot().
May 27 15:30:48 Ubuntu avahi-daemon[584]: Successfully dropped remaining capabilities.
May 27 15:30:48 Ubuntu avahi-daemon[584]: No service file found in /etc/avahi/services.
May 27 15:30:48 Ubuntu avahi-daemon[584]: Joining mDNS multicast group on interface lo.IPv6 with address ::1.
May 27 15:30:48 Ubuntu avahi-daemon[584]: New relevant interface lo.IPv6 for mDNS.
May 27 15:30:48 Ubuntu avahi-daemon[584]: Joining mDNS multicast group on interface lo.IPv4 with address 127.0.0.1.
May 27 15:30:48 Ubuntu avahi-daemon[584]: New relevant interface lo.IPv4 for mDNS.
May 27 15:30:48 Ubuntu avahi-daemon[584]: Network interface enumeration completed.
May 27 15:30:48 Ubuntu avahi-daemon[584]: Registering new address record for ::1 on lo.*.
May 27 15:30:48 Ubuntu avahi-daemon[584]: Registering new address record for 127.0.0.1 on lo.IPv4.
May 27 15:30:48 Ubuntu systemd[1]: Started Authorization Manager.
May 27 15:30:48 Ubuntu systemd[1]: Started Avahi mDNS/DNS-SD Stack.
May 27 15:30:48 Ubuntu apport[583]:  * Starting automatic crash report generation: apport
May 27 15:30:48 Ubuntu systemd[1]: Starting Modem Manager...
May 27 15:30:48 Ubuntu NetworkManager[588]: <info>  [1685219448.8722] bus-manager: acquired D-Bus service "org.freedesktop.NetworkManager"
May 27 15:30:48 Ubuntu systemd[1]: Started Network Manager.
May 27 15:30:48 Ubuntu NetworkManager[588]: <info>  [1685219448.8970] manager[0x55f685285030]: monitoring kernel firmware directory '/lib/firmware'.
May 27 15:30:48 Ubuntu systemd[1]: Starting Network Manager Wait Online...
May 27 15:30:48 Ubuntu systemd[1]: Started Switcheroo Control Proxy service.
May 27 15:30:48 Ubuntu NetworkManager[588]: <info>  [1685219448.9084] monitoring ifupdown state file '/run/network/ifstate'.
May 27 15:30:48 Ubuntu systemd[1]: Condition check resulted in Manage Sound Card State (restore and store) being skipped.
May 27 15:30:48 Ubuntu dbus-daemon[586]: [system] Activating via systemd: service name='org.freedesktop.hostname1' unit='dbus-org.freedesktop.hostname1.service' requested by ':1.7' (uid=0 pid=588 comm="/usr/sbin/NetworkManager --no-daemon " label="unconfined")
May 27 15:30:48 Ubuntu systemd[1]: Starting Save/Restore Sound Card State...
May 27 15:30:48 Ubuntu udisksd[612]: udisks daemon version 2.9.4 starting
May 27 15:30:48 Ubuntu systemd[1]: e2scrub_reap.service: Deactivated successfully.
May 27 15:30:48 Ubuntu apport[583]:    ...done.
May 27 15:30:48 Ubuntu systemd[1]: Finished Remove Stale Online ext4 Metadata Check Snapshots.
May 27 15:30:48 Ubuntu wpa_supplicant[613]: Successfully initialized wpa_supplicant
May 27 15:30:48 Ubuntu systemd[1]: Started LSB: automatic crash report generation.
May 27 15:30:48 Ubuntu systemd[1]: grub-common.service: Deactivated successfully.
May 27 15:30:48 Ubuntu systemd[1]: Finished Record successful boot for GRUB.
May 27 15:30:48 Ubuntu systemd[1]: Started Power Profiles daemon.
May 27 15:30:48 Ubuntu systemd[1]: Started WPA supplicant.
May 27 15:30:48 Ubuntu alsactl[656]: /usr/sbin/alsactl: load_state:1689: Cannot open /var/lib/alsa/asound.state for reading: No such file or directory
May 27 15:30:49 Ubuntu systemd[1]: Reached target Network.
May 27 15:30:49 Ubuntu alsactl[656]: alsa-lib main.c:1412:(snd_use_case_mgr_open) error: failed to import hw:0 use case configuration -2
May 27 15:30:49 Ubuntu alsactl[656]: Found hardware: "ICH" "Analog Devices AD1980" "AC97a:41445370" "0x1028" "0x0177"
May 27 15:30:49 Ubuntu alsactl[656]: Hardware is initialized using a generic method
May 27 15:30:49 Ubuntu systemd[1]: Starting CUPS Scheduler...
May 27 15:30:49 Ubuntu systemd[1]: Starting GRUB failed boot detection...
May 27 15:30:49 Ubuntu systemd[1]: Starting OpenVPN service...
May 27 15:30:49 Ubuntu udisksd[612]: failed to load module mdraid: libbd_mdraid.so.2: cannot open shared object file: No such file or directory
May 27 15:30:49 Ubuntu systemd[1]: Starting Hostname Service...
May 27 15:30:49 Ubuntu ModemManager[628]: <info>  ModemManager (version 1.18.6) starting in system bus...
May 27 15:30:49 Ubuntu systemd[1]: Starting Permit User Sessions...
May 27 15:30:49 Ubuntu accounts-daemon[580]: started daemon version 22.07.5
May 27 15:30:49 Ubuntu systemd[1]: Finished Save/Restore Sound Card State.
May 27 15:30:49 Ubuntu kernel: [   17.306994] kauditd_printk_skb: 9 callbacks suppressed
May 27 15:30:49 Ubuntu systemd[1]: Finished OpenVPN service.
May 27 15:30:49 Ubuntu kernel: [   17.306998] audit: type=1400 audit(1685219449.252:46): apparmor="DENIED" operation="capable" class="cap" profile="/usr/sbin/cupsd" pid=658 comm="cupsd" capability=12  capname="net_admin"
May 27 15:30:49 Ubuntu udisksd[612]: Failed to load the 'mdraid' libblockdev plugin
May 27 15:30:49 Ubuntu systemd[1]: Started CUPS Scheduler.
May 27 15:30:49 Ubuntu systemd[1]: Finished Permit User Sessions.
May 27 15:30:49 Ubuntu systemd[1]: grub-initrd-fallback.service: Deactivated successfully.
May 27 15:30:49 Ubuntu systemd[1]: Finished GRUB failed boot detection.
May 27 15:30:49 Ubuntu systemd[1]: Started User Login Management.
May 27 15:30:49 Ubuntu systemd[1]: Started Accounts Service.
May 27 15:30:49 Ubuntu systemd[1]: Reached target Sound Card.
May 27 15:30:49 Ubuntu systemd[1]: Starting Hold until boot process finishes up...
May 27 15:30:49 Ubuntu systemd[1]: Started Unattended Upgrades Shutdown.
May 27 15:30:49 Ubuntu systemd[1]: Started Modem Manager.
May 27 15:30:49 Ubuntu systemd[1]: gpu-manager.service: Deactivated successfully.
May 27 15:30:49 Ubuntu systemd[1]: Finished Detect the available GPUs and deal with any system changes.
May 27 15:30:49 Ubuntu systemd[1]: Starting GNOME Display Manager...
May 27 15:30:49 Ubuntu networkd-dispatcher[596]: No valid path found for iw
May 27 15:30:49 Ubuntu avahi-daemon[584]: Server startup complete. Host name is Ubuntu.local. Local service cookie is 4265603816.
May 27 15:30:49 Ubuntu systemd[1]: Started GNOME Display Manager.
May 27 15:30:49 Ubuntu dbus-daemon[586]: [system] Successfully activated service 'org.freedesktop.hostname1'
May 27 15:30:49 Ubuntu systemd[1]: Started Hostname Service.
May 27 15:30:49 Ubuntu NetworkManager[588]: <info>  [1685219449.7271] hostname: hostname: using hostnamed
May 27 15:30:49 Ubuntu NetworkManager[588]: <info>  [1685219449.7271] hostname: static hostname changed from (none) to "Ubuntu"
May 27 15:30:49 Ubuntu NetworkManager[588]: <info>  [1685219449.7296] dns-mgr[0x55f6852632a0]: init: dns=systemd-resolved rc-manager=unmanaged (auto), plugin=systemd-resolved
May 27 15:30:49 Ubuntu NetworkManager[588]: <info>  [1685219449.7322] manager[0x55f685285030]: rfkill: Wi-Fi hardware radio set enabled
May 27 15:30:49 Ubuntu NetworkManager[588]: <info>  [1685219449.7322] manager[0x55f685285030]: rfkill: WWAN hardware radio set enabled
May 27 15:30:49 Ubuntu dbus-daemon[586]: [system] Activating via systemd: service name='org.freedesktop.network1' unit='dbus-org.freedesktop.network1.service' requested by ':1.17' (uid=0 pid=718 comm="/usr/bin/networkctl list --no-pager --no-legend " label="unconfined")
May 27 15:30:49 Ubuntu dbus-daemon[586]: [system] Activation via systemd failed for unit 'dbus-org.freedesktop.network1.service': Unit dbus-org.freedesktop.network1.service not found.
May 27 15:30:49 Ubuntu networkd-dispatcher[718]: WARNING: systemd-networkd is not running, output will be incomplete.
May 27 15:30:49 Ubuntu NetworkManager[588]: <info>  [1685219449.7455] Loaded device plugin: NMWwanFactory (/usr/lib/x86_64-linux-gnu/NetworkManager/1.36.6/libnm-device-plugin-wwan.so)
May 27 15:30:49 Ubuntu networkd-dispatcher[596]: ERROR:Unknown state for interface NetworkctlListState(idx=1, name='lo', type='loopback', operational='n/a', administrative='unmanaged'): n/a
May 27 15:30:49 Ubuntu networkd-dispatcher[596]: Traceback (most recent call last):
May 27 15:30:49 Ubuntu networkd-dispatcher[596]:   File "/usr/bin/networkd-dispatcher", line 298, in trigger_all
May 27 15:30:49 Ubuntu networkd-dispatcher[596]:     self.handle_state(iface_name,
May 27 15:30:49 Ubuntu networkd-dispatcher[596]:   File "/usr/bin/networkd-dispatcher", line 348, in handle_state
May 27 15:30:49 Ubuntu networkd-dispatcher[596]:     raise UnknownState(operational_state)
May 27 15:30:49 Ubuntu networkd-dispatcher[596]: UnknownState: n/a
May 27 15:30:49 Ubuntu networkd-dispatcher[596]: ERROR:Unknown state for interface NetworkctlListState(idx=2, name='enp0s3', type='ether', operational='n/a', administrative='unmanaged'): n/a
May 27 15:30:49 Ubuntu networkd-dispatcher[596]: Traceback (most recent call last):
May 27 15:30:49 Ubuntu networkd-dispatcher[596]:   File "/usr/bin/networkd-dispatcher", line 298, in trigger_all
May 27 15:30:49 Ubuntu networkd-dispatcher[596]:     self.handle_state(iface_name,
May 27 15:30:49 Ubuntu networkd-dispatcher[596]:   File "/usr/bin/networkd-dispatcher", line 348, in handle_state
May 27 15:30:49 Ubuntu networkd-dispatcher[596]:     raise UnknownState(operational_state)
May 27 15:30:49 Ubuntu networkd-dispatcher[596]: UnknownState: n/a
May 27 15:30:49 Ubuntu NetworkManager[588]: <info>  [1685219449.7506] Loaded device plugin: NMAtmManager (/usr/lib/x86_64-linux-gnu/NetworkManager/1.36.6/libnm-device-plugin-adsl.so)
May 27 15:30:49 Ubuntu systemd[1]: Started Dispatcher daemon for systemd-networkd.
May 27 15:30:49 Ubuntu NetworkManager[588]: <info>  [1685219449.7599] Loaded device plugin: NMBluezManager (/usr/lib/x86_64-linux-gnu/NetworkManager/1.36.6/libnm-device-plugin-bluetooth.so)
May 27 15:30:49 Ubuntu systemd[1]: Received SIGRTMIN+21 from PID 313 (plymouthd).
May 27 15:30:49 Ubuntu NetworkManager[588]: <info>  [1685219449.7724] Loaded device plugin: NMTeamFactory (/usr/lib/x86_64-linux-gnu/NetworkManager/1.36.6/libnm-device-plugin-team.so)
May 27 15:30:49 Ubuntu NetworkManager[588]: <info>  [1685219449.7763] Loaded device plugin: NMWifiFactory (/usr/lib/x86_64-linux-gnu/NetworkManager/1.36.6/libnm-device-plugin-wifi.so)
May 27 15:30:49 Ubuntu NetworkManager[588]: <info>  [1685219449.7766] manager: rfkill: Wi-Fi enabled by radio killswitch; enabled by state file
May 27 15:30:49 Ubuntu NetworkManager[588]: <info>  [1685219449.7767] manager: rfkill: WWAN enabled by radio killswitch; enabled by state file
May 27 15:30:49 Ubuntu NetworkManager[588]: <info>  [1685219449.7768] manager: Networking is enabled by state file
May 27 15:30:49 Ubuntu dbus-daemon[586]: [system] Activating via systemd: service name='org.freedesktop.nm_dispatcher' unit='dbus-org.freedesktop.nm-dispatcher.service' requested by ':1.7' (uid=0 pid=588 comm="/usr/sbin/NetworkManager --no-daemon " label="unconfined")
May 27 15:30:49 Ubuntu NetworkManager[588]: <info>  [1685219449.7810] settings: Loaded settings plugin: ifupdown ("/usr/lib/x86_64-linux-gnu/NetworkManager/1.36.6/libnm-settings-plugin-ifupdown.so")
May 27 15:30:49 Ubuntu NetworkManager[588]: <info>  [1685219449.7810] settings: Loaded settings plugin: keyfile (internal)
May 27 15:30:49 Ubuntu NetworkManager[588]: <info>  [1685219449.7811] ifupdown: management mode: unmanaged
May 27 15:30:49 Ubuntu NetworkManager[588]: <info>  [1685219449.7818] ifupdown: interfaces file /etc/network/interfaces doesn't exist
May 27 15:30:49 Ubuntu systemd[1]: Starting Network Manager Script Dispatcher Service...
May 27 15:30:49 Ubuntu NetworkManager[588]: <info>  [1685219449.7896] dhcp-init: Using DHCP client 'internal'
May 27 15:30:49 Ubuntu NetworkManager[588]: <info>  [1685219449.7897] device (lo): carrier: link connected
May 27 15:30:49 Ubuntu NetworkManager[588]: <info>  [1685219449.7924] manager: (lo): new Generic device (/org/freedesktop/NetworkManager/Devices/1)
May 27 15:30:49 Ubuntu NetworkManager[588]: <info>  [1685219449.7940] manager: (enp0s3): new Ethernet device (/org/freedesktop/NetworkManager/Devices/2)
May 27 15:30:49 Ubuntu NetworkManager[588]: <info>  [1685219449.7965] settings: (enp0s3): created default wired connection 'Wired connection 1'
May 27 15:30:49 Ubuntu NetworkManager[588]: <info>  [1685219449.7968] device (enp0s3): state change: unmanaged -> unavailable (reason 'managed', sys-iface-state: 'external')
May 27 15:30:49 Ubuntu kernel: [   17.865782] e1000: enp0s3 NIC Link is Up 1000 Mbps Full Duplex, Flow Control: RX
May 27 15:30:49 Ubuntu dbus-daemon[586]: [system] Successfully activated service 'org.freedesktop.nm_dispatcher'
May 27 15:30:49 Ubuntu systemd[1]: Started Network Manager Script Dispatcher Service.
May 27 15:30:49 Ubuntu systemd[1]: Started Disk Manager.
May 27 15:30:49 Ubuntu kernel: [   17.881572] IPv6: ADDRCONF(NETDEV_CHANGE): enp0s3: link becomes ready
May 27 15:30:49 Ubuntu NetworkManager[588]: <info>  [1685219449.8413] device (enp0s3): carrier: link connected
May 27 15:30:49 Ubuntu NetworkManager[588]: <info>  [1685219449.8546] failed to open /run/network/ifstate
May 27 15:30:49 Ubuntu udisksd[612]: Acquired the name org.freedesktop.UDisks2 on the system message bus
May 27 15:30:49 Ubuntu NetworkManager[588]: <info>  [1685219449.8701] device (enp0s3): state change: unavailable -> disconnected (reason 'none', sys-iface-state: 'managed')
May 27 15:30:49 Ubuntu NetworkManager[588]: <info>  [1685219449.9102] modem-manager: ModemManager available
May 27 15:30:49 Ubuntu NetworkManager[588]: <info>  [1685219449.9124] policy: auto-activating connection 'Wired connection 1' (c023d628-1e3b-3717-bef7-338ada0893d8)
May 27 15:30:49 Ubuntu NetworkManager[588]: <info>  [1685219449.9136] device (enp0s3): Activation: starting connection 'Wired connection 1' (c023d628-1e3b-3717-bef7-338ada0893d8)
May 27 15:30:49 Ubuntu NetworkManager[588]: <info>  [1685219449.9144] device (enp0s3): state change: disconnected -> prepare (reason 'none', sys-iface-state: 'managed')
May 27 15:30:49 Ubuntu NetworkManager[588]: <info>  [1685219449.9153] manager: NetworkManager state is now CONNECTING
May 27 15:30:49 Ubuntu NetworkManager[588]: <info>  [1685219449.9161] device (enp0s3): state change: prepare -> config (reason 'none', sys-iface-state: 'managed')
May 27 15:30:49 Ubuntu NetworkManager[588]: <info>  [1685219449.9292] device (enp0s3): state change: config -> ip-config (reason 'none', sys-iface-state: 'managed')
May 27 15:30:49 Ubuntu NetworkManager[588]: <info>  [1685219449.9487] dhcp4 (enp0s3): activation: beginning transaction (timeout in 45 seconds)
